INFO 2026-08-21 23:51:19,389 autoreload 8912 7716 Watching for file changes with StatReloader
INFO 2026-08-21 23:52:26,979 log 8912 7780 "GET /admin/ HTTP/1.1" 302 0
INFO 2026-08-21 23:52:37,438 log 8912 7780 "GET /admin/login/?next=/admin/ HTTP/1.1" 200 4322
INFO 2026-08-21 23:52:39,903 log 8912 7020 "GET /static/admin/css/nav_sidebar.css HTTP/1.1" 200 2814
INFO 2026-08-21 23:52:39,903 log 8912 8924 "GET /static/admin/css/login.css HTTP/1.1" 200 951
INFO 2026-08-21 23:52:40,849 log 8912 4836 "GET /static/admin/css/dark_mode.css HTTP/1.1" 200 3583
INFO 2026-08-21 23:52:41,316 log 8912 7780 "GET /static/admin/css/base.css HTTP/1.1" 200 24538
INFO 2026-08-21 23:52:41,720 log 8912 180 "GET /static/admin/css/responsive.css HTTP/1.1" 200 15025
INFO 2026-08-21 23:52:51,743 log 8912 9128 "GET /static/admin/js/theme.js HTTP/1.1" 200 1708
INFO 2026-08-21 23:52:51,796 log 8912 180 "GET /static/admin/js/nav_sidebar.js HTTP/1.1" 200 3208
INFO 2026-08-21 23:52:58,029 log 8912 7000 "GET /static/admin/img/icon-no.svg HTTP/1.1" 200 645
INFO 2026-08-21 23:52:58,030 log 8912 5752 "GET /static/admin/img/icon-info.svg HTTP/1.1" 200 630
INFO 2026-08-21 23:52:58,073 log 8912 8256 "GET /static/admin/img/icon-debug-dark.svg HTTP/1.1" 200 1247
INFO 2026-08-21 23:52:58,197 log 8912 984 "GET /static/admin/img/icon-yes.svg HTTP/1.1" 200 558
INFO 2026-08-21 23:52:58,197 log 8912 8596 "GET /static/admin/img/icon-debug.svg HTTP/1.1" 200 1247
INFO 2026-08-21 23:52:58,225 log 8912 5752 "GET /static/admin/img/icon-yes-dark.svg HTTP/1.1" 200 558
INFO 2026-08-21 23:52:58,253 log 8912 4592 "GET /static/admin/img/icon-alert.svg HTTP/1.1" 200 684
INFO 2026-08-21 23:52:58,437 log 8912 7000 "GET /static/admin/img/icon-info-dark.svg HTTP/1.1" 200 630
INFO 2026-08-21 23:52:58,438 log 8912 8256 "GET /static/admin/img/icon-alert-dark.svg HTTP/1.1" 200 684
INFO 2026-08-21 23:52:58,644 log 8912 8596 "GET /static/admin/img/icon-no-dark.svg HTTP/1.1" 200 645
WARNING 2026-08-21 23:53:01,107 log 8912 180 Not Found: /favicon.ico
WARNING 2026-08-21 23:53:01,108 log 8912 180 "GET /favicon.ico HTTP/1.1" 404 2280
INFO 2026-08-21 23:53:19,144 log 8912 180 "POST /admin/login/?next=/admin/ HTTP/1.1" 302 0
INFO 2026-08-21 23:53:19,571 log 8912 180 "GET /admin/ HTTP/1.1" 200 6196
INFO 2026-08-21 23:53:19,845 log 8912 180 "GET /static/admin/css/dashboard.css HTTP/1.1" 200 442
INFO 2026-08-21 23:53:20,060 log 8912 180 "GET /static/admin/img/icon-addlink.svg HTTP/1.1" 200 593
INFO 2026-08-21 23:53:20,135 log 8912 9128 "GET /static/admin/img/icon-changelink.svg HTTP/1.1" 200 978
INFO 2026-08-21 23:53:37,389 log 8912 9128 "POST /admin/logout/ HTTP/1.1" 200 3763
INFO 2026-08-21 23:53:41,896 log 8912 9128 "GET /admin/ HTTP/1.1" 302 0
INFO 2026-08-21 23:53:41,922 log 8912 9128 "GET /admin/login/?next=/admin/ HTTP/1.1" 200 4322
INFO 2026-08-21 23:53:44,227 log 8912 9128 "GET /admin/login/?next=/admin/ HTTP/1.1" 200 4322
INFO 2026-08-22 00:12:44,498 autoreload 6980 1700 Watching for file changes with StatReloader
INFO 2026-08-22 00:13:08,435 log 6980 8132 "GET /admin/ HTTP/1.1" 302 0
INFO 2026-08-22 00:13:09,363 log 6980 8132 "GET /admin/login/?next=/admin/ HTTP/1.1" 200 4322
INFO 2026-08-22 00:13:09,481 log 6980 8592 "GET /static/admin/css/dark_mode.css HTTP/1.1" 304 0
INFO 2026-08-22 00:13:09,482 log 6980 8132 "GET /static/admin/css/base.css HTTP/1.1" 304 0
INFO 2026-08-22 00:13:09,493 log 6980 7704 "GET /static/admin/js/theme.js HTTP/1.1" 304 0
INFO 2026-08-22 00:13:09,493 log 6980 4492 "GET /static/admin/css/nav_sidebar.css HTTP/1.1" 304 0
INFO 2026-08-22 00:13:09,497 log 6980 5384 "GET /static/admin/css/login.css HTTP/1.1" 304 0
INFO 2026-08-22 00:13:09,506 log 6980 368 "GET /static/admin/css/responsive.css HTTP/1.1" 304 0
INFO 2026-08-22 00:13:09,698 log 6980 368 "GET /static/admin/js/nav_sidebar.js HTTP/1.1" 304 0
INFO 2026-08-22 00:13:16,357 log 6980 368 "POST /admin/login/?next=/admin/ HTTP/1.1" 302 0
INFO 2026-08-22 00:13:16,546 log 6980 368 "GET /admin/ HTTP/1.1" 200 10316
INFO 2026-08-22 00:13:16,685 log 6980 368 "GET /static/admin/css/dashboard.css HTTP/1.1" 304 0
INFO 2026-08-22 00:13:16,804 log 6980 5384 "GET /static/admin/img/icon-changelink.svg HTTP/1.1" 304 0
INFO 2026-08-22 00:13:16,805 log 6980 368 "GET /static/admin/img/icon-addlink.svg HTTP/1.1" 304 0
INFO 2026-08-22 00:13:43,211 log 6980 5384 "GET /admin/auth/ HTTP/1.1" 200 6242
INFO 2026-08-22 00:13:46,538 log 6980 5384 "POST /admin/logout/ HTTP/1.1" 200 3763
INFO 2026-08-22 00:13:49,375 log 6980 5384 "GET /admin/auth/ HTTP/1.1" 302 0
INFO 2026-08-22 00:13:49,426 log 6980 5384 "GET /admin/login/?next=/admin/auth/ HTTP/1.1" 200 4332
INFO 2026-08-22 00:13:50,544 log 6980 5384 "GET /admin/ HTTP/1.1" 302 0
INFO 2026-08-22 00:13:50,564 log 6980 5384 "GET /admin/login/?next=/admin/ HTTP/1.1" 200 4322
INFO 2026-08-22 00:13:52,081 log 6980 5384 "GET /admin/login/?next=/admin/ HTTP/1.1" 200 4322
INFO 2026-08-22 00:30:13,003 autoreload 1304 7400 Watching for file changes with StatReloader
INFO 2026-08-22 00:30:46,649 log 1304 6000 "GET /admin/login/?next=/admin/ HTTP/1.1" 200 4322
INFO 2026-08-22 00:30:46,744 log 1304 6000 "GET /static/admin/css/base.css HTTP/1.1" 304 0
INFO 2026-08-22 00:30:46,746 log 1304 4984 "GET /static/admin/css/dark_mode.css HTTP/1.1" 304 0
INFO 2026-08-22 00:30:46,754 log 1304 7724 "GET /static/admin/js/theme.js HTTP/1.1" 304 0
INFO 2026-08-22 00:30:46,760 log 1304 5516 "GET /static/admin/css/login.css HTTP/1.1" 304 0
INFO 2026-08-22 00:30:46,761 log 1304 384 "GET /static/admin/css/nav_sidebar.css HTTP/1.1" 304 0
INFO 2026-08-22 00:30:46,763 log 1304 6320 "GET /static/admin/css/responsive.css HTTP/1.1" 304 0
INFO 2026-08-22 00:30:46,977 log 1304 6320 "GET /static/admin/js/nav_sidebar.js HTTP/1.1" 304 0
INFO 2026-08-22 00:30:54,899 log 1304 6320 "POST /admin/login/?next=/admin/ HTTP/1.1" 302 0
INFO 2026-08-22 00:30:55,170 log 1304 6320 "GET /admin/ HTTP/1.1" 200 23757
INFO 2026-08-22 00:30:55,277 log 1304 6320 "GET /static/admin/css/dashboard.css HTTP/1.1" 304 0
INFO 2026-08-22 00:30:55,412 log 1304 6320 "GET /static/admin/img/icon-addlink.svg HTTP/1.1" 304 0
INFO 2026-08-22 00:30:55,412 log 1304 384 "GET /static/admin/img/icon-changelink.svg HTTP/1.1" 304 0
INFO 2026-08-22 00:31:18,545 log 1304 384 "GET /admin/login/?next=/admin/ HTTP/1.1" 302 0
INFO 2026-08-22 00:31:18,715 log 1304 384 "GET /admin/ HTTP/1.1" 200 23757
INFO 2026-08-22 07:26:30,067 autoreload 8684 184 Watching for file changes with StatReloader
INFO 2026-08-22 07:27:15,350 log 8684 9180 "GET /admin/ HTTP/1.1" 302 0
INFO 2026-08-22 07:27:16,152 log 8684 9180 "GET /admin/login/?next=/admin/ HTTP/1.1" 200 4322
INFO 2026-08-22 07:27:16,521 log 8684 2028 "GET /static/admin/css/nav_sidebar.css HTTP/1.1" 304 0
INFO 2026-08-22 07:27:16,522 log 8684 6092 "GET /static/admin/css/responsive.css HTTP/1.1" 304 0
INFO 2026-08-22 07:27:16,523 log 8684 9180 "GET /static/admin/css/base.css HTTP/1.1" 304 0
INFO 2026-08-22 07:27:16,523 log 8684 8604 "GET /static/admin/css/dark_mode.css HTTP/1.1" 304 0
INFO 2026-08-22 07:27:16,523 log 8684 6832 "GET /static/admin/css/login.css HTTP/1.1" 304 0
INFO 2026-08-22 07:27:16,574 log 8684 8236 "GET /static/admin/js/theme.js HTTP/1.1" 304 0
INFO 2026-08-22 07:27:16,842 log 8684 8236 "GET /static/admin/js/nav_sidebar.js HTTP/1.1" 304 0
INFO 2026-08-22 07:27:26,525 log 8684 8236 "POST /admin/login/?next=/admin/ HTTP/1.1" 302 0
INFO 2026-08-22 07:27:26,906 log 8684 8236 "GET /admin/ HTTP/1.1" 200 23757
INFO 2026-08-22 07:27:27,032 log 8684 8236 "GET /static/admin/css/dashboard.css HTTP/1.1" 304 0
INFO 2026-08-22 07:27:27,096 log 8684 8604 "GET /static/admin/img/icon-changelink.svg HTTP/1.1" 304 0
INFO 2026-08-22 07:27:27,112 log 8684 8236 "GET /static/admin/img/icon-addlink.svg HTTP/1.1" 304 0
INFO 2026-08-22 07:27:50,756 log 8684 8236 "POST /admin/logout/ HTTP/1.1" 200 3763
INFO 2026-08-22 07:27:55,760 log 8684 8236 "GET /admin/login/?next=/admin/ HTTP/1.1" 200 4322
INFO 2026-08-22 07:34:39,662 autoreload 6564 1856 Watching for file changes with StatReloader
WARNING 2026-08-22 07:35:07,162 log 6564 5348 Not Found: /api-auth/login/
WARNING 2026-08-22 07:35:07,163 log 6564 5348 "GET /api-auth/login/ HTTP/1.1" 404 2811
INFO 2026-08-22 07:37:30,667 autoreload 5392 8696 Watching for file changes with StatReloader
INFO 2026-08-22 07:38:16,374 log 5392 8064 "GET /api-auth/login/ HTTP/1.1" 200 2700
INFO 2026-08-22 07:38:17,897 log 5392 4072 "GET /static/rest_framework/css/prettify.css HTTP/1.1" 200 817
INFO 2026-08-22 07:38:18,225 log 5392 8540 "GET /static/rest_framework/css/default.css HTTP/1.1" 200 1152
INFO 2026-08-22 07:38:18,369 log 5392 3684 "GET /static/rest_framework/css/bootstrap-tweaks.css HTTP/1.1" 200 3426
INFO 2026-08-22 07:38:19,113 log 5392 8064 "GET /static/rest_framework/css/bootstrap.min.css HTTP/1.1" 200 121457
INFO 2026-08-22 07:38:19,137 log 5392 6744 "GET /static/rest_framework/img/grid.png HTTP/1.1" 200 1458
INFO 2026-08-22 07:38:30,197 log 5392 8064 "POST /api-auth/login/ HTTP/1.1" 302 0
WARNING 2026-08-22 07:38:30,222 log 5392 8064 Not Found: /accounts/profile/
WARNING 2026-08-22 07:38:30,224 log 5392 8064 "GET /accounts/profile/ HTTP/1.1" 404 2997
INFO 2026-08-22 07:39:01,093 log 5392 8064 "GET /api-auth/login/ HTTP/1.1" 200 2700
INFO 2026-08-22 07:42:07,725 autoreload 3436 6856 Watching for file changes with StatReloader
INFO 2026-08-22 07:42:11,969 log 3436 5252 "GET /api-auth/login/ HTTP/1.1" 200 2700
INFO 2026-08-22 07:42:19,551 log 3436 5252 "POST /api-auth/login/ HTTP/1.1" 302 0
INFO 2026-08-22 07:42:19,559 log 3436 5252 "GET /accounts/profile/ HTTP/1.1" 302 0
WARNING 2026-08-22 07:42:19,586 log 3436 5252 Unauthorized: /api/
WARNING 2026-08-22 07:42:19,587 log 3436 5252 "GET /api/ HTTP/1.1" 401 58
INFO 2026-08-22 07:42:39,016 log 3436 5252 "GET /api-auth/login/ HTTP/1.1" 200 2700
INFO 2026-08-22 07:47:14,215 autoreload 5976 2812 Watching for file changes with StatReloader
INFO 2026-08-22 07:47:44,754 log 5976 8700 "GET /api-auth/login/ HTTP/1.1" 200 2700
INFO 2026-08-22 07:47:49,834 log 5976 6188 "POST /api-auth/login/ HTTP/1.1" 302 0
INFO 2026-08-22 07:47:49,846 log 5976 6188 "GET /accounts/profile/ HTTP/1.1" 302 0
INFO 2026-08-22 07:47:50,150 log 5976 6188 "GET /api/ HTTP/1.1" 200 340
INFO 2026-08-22 07:48:04,109 log 5976 6188 "GET /api-auth/login/ HTTP/1.1" 200 2700
INFO 2026-08-22 08:06:36,189 autoreload 4348 5060 Watching for file changes with StatReloader
INFO 2026-08-22 08:06:44,571 log 4348 8696 "GET /api-auth/login/ HTTP/1.1" 200 2700
INFO 2026-08-22 08:06:50,065 log 4348 8696 "POST /api-auth/login/ HTTP/1.1" 302 0
INFO 2026-08-22 08:06:50,073 log 4348 8696 "GET /accounts/profile/ HTTP/1.1" 302 0
INFO 2026-08-22 08:06:50,204 log 4348 8696 "GET /api/ HTTP/1.1" 200 1128
INFO 2026-08-22 08:06:58,240 log 4348 8696 "GET /api-auth/login/ HTTP/1.1" 200 2700
INFO 2026-08-22 08:37:40,173 autoreload 6964 9020 Watching for file changes with StatReloader
INFO 2026-08-22 08:37:52,045 log 6964 4108 "GET /api-auth/login/ HTTP/1.1" 200 2697
INFO 2026-08-22 08:37:57,920 log 6964 4108 "POST /api-auth/login/ HTTP/1.1" 200 2932
INFO 2026-08-22 08:37:58,025 log 6964 1068 "GET /static/rest_framework/css/bootstrap-tweaks.css HTTP/1.1" 304 0
INFO 2026-08-22 08:37:58,026 log 6964 4108 "GET /static/rest_framework/css/bootstrap.min.css HTTP/1.1" 304 0
INFO 2026-08-22 08:37:58,030 log 6964 8856 "GET /static/rest_framework/css/prettify.css HTTP/1.1" 304 0
INFO 2026-08-22 08:37:58,035 log 6964 7104 "GET /static/rest_framework/css/default.css HTTP/1.1" 304 0
INFO 2026-08-22 08:37:58,570 log 6964 7104 "GET /static/rest_framework/img/grid.png HTTP/1.1" 304 0
INFO 2026-08-22 08:38:14,705 log 6964 7104 "POST /api-auth/login/ HTTP/1.1" 302 0
INFO 2026-08-22 08:38:14,826 log 6964 7104 "GET /api/ HTTP/1.1" 200 1128
INFO 2026-08-22 08:38:40,071 log 6964 7104 "GET /api-auth/login/ HTTP/1.1" 200 2697
INFO 2026-08-22 09:58:23,421 autoreload 4072 8908 Watching for file changes with StatReloader
INFO 2026-08-22 18:22:07,134 autoreload 5872 2112 Watching for file changes with StatReloader
INFO 2026-08-22 18:22:35,903 log 5872 6804 "GET /admin/login/?next=/admin/ HTTP/1.1" 200 4319
INFO 2026-08-22 18:22:36,195 log 5872 5760 "GET /static/admin/js/theme.js HTTP/1.1" 304 0
INFO 2026-08-22 18:22:36,233 log 5872 3420 "GET /static/admin/css/dark_mode.css HTTP/1.1" 304 0
INFO 2026-08-22 18:22:36,234 log 5872 7144 "GET /static/admin/css/login.css HTTP/1.1" 304 0
INFO 2026-08-22 18:22:36,234 log 5872 2488 "GET /static/admin/css/responsive.css HTTP/1.1" 304 0
INFO 2026-08-22 18:22:36,235 log 5872 5696 "GET /static/admin/css/nav_sidebar.css HTTP/1.1" 304 0
INFO 2026-08-22 18:22:36,235 log 5872 6804 "GET /static/admin/css/base.css HTTP/1.1" 304 0
INFO 2026-08-22 18:22:36,328 log 5872 6804 "GET /static/admin/js/nav_sidebar.js HTTP/1.1" 304 0
WARNING 2026-08-22 18:22:46,031 log 5872 6804 Not Found: /favicon.ico
WARNING 2026-08-22 18:22:46,033 log 5872 6804 "GET /favicon.ico HTTP/1.1" 404 6221
ERROR 2026-08-22 18:23:02,309 log 5872 7144 Internal Server Error: /admin/login/
Traceback (most recent call last):
  File "C:\Users\Erick Juma\Projects\Shipping_Projects\NOU-PRODUCT\E-Pearl\backend\venv\Lib\site-packages\django\db\backends\utils.py", line 105, in _execute
    return self.cursor.execute(sql, params)
           ~~~~~~~~~~~~~~~~~~~^^^^^^^^^^^^^
psycopg2.errors.UndefinedTable: relation "users_user" does not exist
LINE 1: ..."."last_login", "users_user"."last_activity" FROM "users_use...
                                                             ^


The above exception was the direct cause of the following exception:

Traceback (most recent call last):
  File "C:\Users\Erick Juma\Projects\Shipping_Projects\NOU-PRODUCT\E-Pearl\backend\venv\Lib\site-packages\django\core\handlers\exception.py", line 56, in inner
    response = get_response(request)
  File "C:\Users\Erick Juma\Projects\Shipping_Projects\NOU-PRODUCT\E-Pearl\backend\venv\Lib\site-packages\django\core\handlers\base.py", line 199, in _get_response
    response = wrapped_callback(request, *callback_args, **callback_kwargs)
  File "C:\Users\Erick Juma\Projects\Shipping_Projects\NOU-PRODUCT\E-Pearl\backend\venv\Lib\site-packages\django\utils\decorators.py", line 47, in _wrapper
    return bound_method(*args, **kwargs)
  File "C:\Users\Erick Juma\Projects\Shipping_Projects\NOU-PRODUCT\E-Pearl\backend\venv\Lib\site-packages\django\views\decorators\cache.py", line 79, in _view_wrapper
    response = view_func(request, *args, **kwargs)
  File "C:\Users\Erick Juma\Projects\Shipping_Projects\NOU-PRODUCT\E-Pearl\backend\venv\Lib\site-packages\django\contrib\admin\sites.py", line 449, in login
    return LoginView.as_view(**defaults)(request)
           ~~~~~~~~~~~~~~~~~~~~~~~~~~~~~^^^^^^^^^
  File "C:\Users\Erick Juma\Projects\Shipping_Projects\NOU-PRODUCT\E-Pearl\backend\venv\Lib\site-packages\django\views\generic\base.py", line 105, in view
    return self.dispatch(request, *args, **kwargs)
           ~~~~~~~~~~~~~^^^^^^^^^^^^^^^^^^^^^^^^^^
  File "C:\Users\Erick Juma\Projects\Shipping_Projects\NOU-PRODUCT\E-Pearl\backend\venv\Lib\site-packages\django\utils\decorators.py", line 47, in _wrapper
    return bound_method(*args, **kwargs)
  File "C:\Users\Erick Juma\Projects\Shipping_Projects\NOU-PRODUCT\E-Pearl\backend\venv\Lib\site-packages\django\views\decorators\debug.py", line 142, in sensitive_post_parameters_wrapper
    return view(request, *args, **kwargs)
  File "C:\Users\Erick Juma\Projects\Shipping_Projects\NOU-PRODUCT\E-Pearl\backend\venv\Lib\site-packages\django\utils\decorators.py", line 191, in _view_wrapper
    result = _process_exception(request, e)
  File "C:\Users\Erick Juma\Projects\Shipping_Projects\NOU-PRODUCT\E-Pearl\backend\venv\Lib\site-packages\django\utils\decorators.py", line 189, in _view_wrapper
    response = view_func(request, *args, **kwargs)
  File "C:\Users\Erick Juma\Projects\Shipping_Projects\NOU-PRODUCT\E-Pearl\backend\venv\Lib\site-packages\django\views\decorators\cache.py", line 79, in _view_wrapper
    response = view_func(request, *args, **kwargs)
  File "C:\Users\Erick Juma\Projects\Shipping_Projects\NOU-PRODUCT\E-Pearl\backend\venv\Lib\site-packages\django\contrib\auth\views.py", line 97, in dispatch
    return super().dispatch(request, *args, **kwargs)
           ~~~~~~~~~~~~~~~~^^^^^^^^^^^^^^^^^^^^^^^^^^
  File "C:\Users\Erick Juma\Projects\Shipping_Projects\NOU-PRODUCT\E-Pearl\backend\venv\Lib\site-packages\django\views\generic\base.py", line 143, in dispatch
    return handler(request, *args, **kwargs)
  File "C:\Users\Erick Juma\Projects\Shipping_Projects\NOU-PRODUCT\E-Pearl\backend\venv\Lib\site-packages\django\views\generic\edit.py", line 150, in post
    if form.is_valid():
       ~~~~~~~~~~~~~^^
  File "C:\Users\Erick Juma\Projects\Shipping_Projects\NOU-PRODUCT\E-Pearl\backend\venv\Lib\site-packages\django\forms\forms.py", line 206, in is_valid
    return self.is_bound and not self.errors
                                 ^^^^^^^^^^^
  File "C:\Users\Erick Juma\Projects\Shipping_Projects\NOU-PRODUCT\E-Pearl\backend\venv\Lib\site-packages\django\forms\forms.py", line 201, in errors
    self.full_clean()
    ~~~~~~~~~~~~~~~^^
  File "C:\Users\Erick Juma\Projects\Shipping_Projects\NOU-PRODUCT\E-Pearl\backend\venv\Lib\site-packages\django\forms\forms.py", line 338, in full_clean
    self._clean_form()
    ~~~~~~~~~~~~~~~~^^
  File "C:\Users\Erick Juma\Projects\Shipping_Projects\NOU-PRODUCT\E-Pearl\backend\venv\Lib\site-packages\django\forms\forms.py", line 354, in _clean_form
    cleaned_data = self.clean()
  File "C:\Users\Erick Juma\Projects\Shipping_Projects\NOU-PRODUCT\E-Pearl\backend\venv\Lib\site-packages\django\views\decorators\debug.py", line 74, in sensitive_variables_wrapper
    return func(*func_args, **func_kwargs)
  File "C:\Users\Erick Juma\Projects\Shipping_Projects\NOU-PRODUCT\E-Pearl\backend\venv\Lib\site-packages\django\contrib\auth\forms.py", line 349, in clean
    self.user_cache = authenticate(
                      ~~~~~~~~~~~~^
        self.request, username=username, password=password
        ^^^^^^^^^^^^^^^^^^^^^^^^^^^^^^^^^^^^^^^^^^^^^^^^^^
    )
    ^
  File "C:\Users\Erick Juma\Projects\Shipping_Projects\NOU-PRODUCT\E-Pearl\backend\venv\Lib\site-packages\django\views\decorators\debug.py", line 74, in sensitive_variables_wrapper
    return func(*func_args, **func_kwargs)
  File "C:\Users\Erick Juma\Projects\Shipping_Projects\NOU-PRODUCT\E-Pearl\backend\venv\Lib\site-packages\django\contrib\auth\__init__.py", line 130, in authenticate
    user = backend.authenticate(request, **credentials)
  File "C:\Users\Erick Juma\Projects\Shipping_Projects\NOU-PRODUCT\E-Pearl\backend\venv\Lib\site-packages\django\views\decorators\debug.py", line 74, in sensitive_variables_wrapper
    return func(*func_args, **func_kwargs)
  File "C:\Users\Erick Juma\Projects\Shipping_Projects\NOU-PRODUCT\E-Pearl\backend\venv\Lib\site-packages\django\contrib\auth\backends.py", line 71, in authenticate
    user = UserModel._default_manager.get_by_natural_key(username)
  File "C:\Users\Erick Juma\Projects\Shipping_Projects\NOU-PRODUCT\E-Pearl\backend\venv\Lib\site-packages\django\contrib\auth\base_user.py", line 37, in get_by_natural_key
    return self.get(**{self.model.USERNAME_FIELD: username})
           ~~~~~~~~^^^^^^^^^^^^^^^^^^^^^^^^^^^^^^^^^^^^^^^^^
  File "C:\Users\Erick Juma\Projects\Shipping_Projects\NOU-PRODUCT\E-Pearl\backend\venv\Lib\site-packages\django\db\models\manager.py", line 87, in manager_method
    return getattr(self.get_queryset(), name)(*args, **kwargs)
           ~~~~~~~~~~~~~~~~~~~~~~~~~~~~~~~~~~^^^^^^^^^^^^^^^^^
  File "C:\Users\Erick Juma\Projects\Shipping_Projects\NOU-PRODUCT\E-Pearl\backend\venv\Lib\site-packages\django\db\models\query.py", line 679, in get
    num = len(clone)
  File "C:\Users\Erick Juma\Projects\Shipping_Projects\NOU-PRODUCT\E-Pearl\backend\venv\Lib\site-packages\django\db\models\query.py", line 416, in __len__
    self._fetch_all()
    ~~~~~~~~~~~~~~~^^
  File "C:\Users\Erick Juma\Projects\Shipping_Projects\NOU-PRODUCT\E-Pearl\backend\venv\Lib\site-packages\django\db\models\query.py", line 2239, in _fetch_all
    self._result_cache = list(self._iterable_class(self))
                         ~~~~^^^^^^^^^^^^^^^^^^^^^^^^^^^^
  File "C:\Users\Erick Juma\Projects\Shipping_Projects\NOU-PRODUCT\E-Pearl\backend\venv\Lib\site-packages\django\db\models\query.py", line 98, in __iter__
    results = compiler.execute_sql(
        chunked_fetch=self.chunked_fetch, chunk_size=self.chunk_size
    )
  File "C:\Users\Erick Juma\Projects\Shipping_Projects\NOU-PRODUCT\E-Pearl\backend\venv\Lib\site-packages\django\db\models\sql\compiler.py", line 1624, in execute_sql
    cursor.execute(sql, params)
    ~~~~~~~~~~~~~~^^^^^^^^^^^^^
  File "C:\Users\Erick Juma\Projects\Shipping_Projects\NOU-PRODUCT\E-Pearl\backend\venv\Lib\site-packages\django\db\backends\utils.py", line 122, in execute
    return super().execute(sql, params)
           ~~~~~~~~~~~~~~~^^^^^^^^^^^^^
  File "C:\Users\Erick Juma\Projects\Shipping_Projects\NOU-PRODUCT\E-Pearl\backend\venv\Lib\site-packages\django\db\backends\utils.py", line 79, in execute
    return self._execute_with_wrappers(
           ~~~~~~~~~~~~~~~~~~~~~~~~~~~^
        sql, params, many=False, executor=self._execute
        ^^^^^^^^^^^^^^^^^^^^^^^^^^^^^^^^^^^^^^^^^^^^^^^
    )
    ^
  File "C:\Users\Erick Juma\Projects\Shipping_Projects\NOU-PRODUCT\E-Pearl\backend\venv\Lib\site-packages\django\db\backends\utils.py", line 92, in _execute_with_wrappers
    return executor(sql, params, many, context)
  File "C:\Users\Erick Juma\Projects\Shipping_Projects\NOU-PRODUCT\E-Pearl\backend\venv\Lib\site-packages\django\db\backends\utils.py", line 100, in _execute
    with self.db.wrap_database_errors:
         ^^^^^^^^^^^^^^^^^^^^^^^^^^^^
  File "C:\Users\Erick Juma\Projects\Shipping_Projects\NOU-PRODUCT\E-Pearl\backend\venv\Lib\site-packages\django\db\utils.py", line 94, in __exit__
    raise dj_exc_value.with_traceback(traceback) from exc_value
  File "C:\Users\Erick Juma\Projects\Shipping_Projects\NOU-PRODUCT\E-Pearl\backend\venv\Lib\site-packages\django\db\backends\utils.py", line 105, in _execute
    return self.cursor.execute(sql, params)
           ~~~~~~~~~~~~~~~~~~~^^^^^^^^^^^^^
django.db.utils.ProgrammingError: relation "users_user" does not exist
LINE 1: ..."."last_login", "users_user"."last_activity" FROM "users_use...
                                                             ^

ERROR 2026-08-22 18:23:02,414 log 5872 7144 "POST /admin/login/?next=/admin/ HTTP/1.1" 500 255635
INFO 2026-08-22 18:23:46,841 log 5872 7144 "GET /admin/login/?next=/admin/ HTTP/1.1" 200 4319
INFO 2026-08-22 20:14:58,906 autoreload 6028 1524 Watching for file changes with StatReloader
INFO 2026-08-22 20:15:19,938 log 6028 7284 "GET /admin/login/?next=/admin/ HTTP/1.1" 200 4319
INFO 2026-08-22 20:15:44,404 log 6028 7284 "POST /admin/login/?next=/admin/ HTTP/1.1" 200 4501
INFO 2026-08-22 20:15:58,606 log 6028 7284 "POST /admin/login/?next=/admin/ HTTP/1.1" 200 4501
INFO 2026-08-22 20:16:17,142 log 6028 7284 "GET /admin/login/?next=/admin/ HTTP/1.1" 200 4319
INFO 2026-08-22 20:16:22,533 log 6028 7284 "POST /admin/login/?next=/admin/ HTTP/1.1" 200 4501
INFO 2026-08-22 20:16:24,183 log 6028 7284 "GET /admin/login/?next=/admin/ HTTP/1.1" 200 4319
INFO 2026-08-22 20:50:25,576 autoreload 7360 8016 Watching for file changes with StatReloader
INFO 2026-08-22 20:50:46,507 log 7360 6272 "GET /admin/login/?next=/admin/ HTTP/1.1" 200 4319
INFO 2026-08-22 20:50:58,167 log 7360 6272 "POST /admin/login/?next=/admin/ HTTP/1.1" 200 4501
INFO 2026-08-22 20:50:58,513 log 7360 9208 "GET /static/admin/js/theme.js HTTP/1.1" 304 0
INFO 2026-08-22 20:50:58,526 log 7360 6272 "GET /static/admin/css/base.css HTTP/1.1" 304 0
INFO 2026-08-22 20:50:58,527 log 7360 1336 "GET /static/admin/css/dark_mode.css HTTP/1.1" 304 0
INFO 2026-08-22 20:50:58,528 log 7360 6076 "GET /static/admin/css/nav_sidebar.css HTTP/1.1" 304 0
INFO 2026-08-22 20:50:58,529 log 7360 2788 "GET /static/admin/css/login.css HTTP/1.1" 304 0
INFO 2026-08-22 20:50:58,530 log 7360 7852 "GET /static/admin/css/responsive.css HTTP/1.1" 304 0
INFO 2026-08-22 20:50:58,554 log 7360 7852 "GET /static/admin/js/nav_sidebar.js HTTP/1.1" 304 0
INFO 2026-08-22 20:51:13,500 log 7360 7852 "POST /admin/login/?next=/admin/ HTTP/1.1" 200 4501
INFO 2026-08-22 20:51:28,467 log 7360 7852 "POST /admin/login/?next=/admin/ HTTP/1.1" 200 4501
INFO 2026-08-22 20:51:29,103 log 7360 7852 "GET /static/admin/css/base.css HTTP/1.1" 200 24538
INFO 2026-08-22 20:51:29,118 log 7360 6272 "GET /static/admin/css/login.css HTTP/1.1" 200 951
INFO 2026-08-22 20:51:29,139 log 7360 6076 "GET /static/admin/js/theme.js HTTP/1.1" 200 1708
INFO 2026-08-22 20:51:29,198 log 7360 9208 "GET /static/admin/css/responsive.css HTTP/1.1" 200 15025
INFO 2026-08-22 20:51:29,203 log 7360 1336 "GET /static/admin/css/nav_sidebar.css HTTP/1.1" 200 2814
INFO 2026-08-22 20:51:29,204 log 7360 2788 "GET /static/admin/css/dark_mode.css HTTP/1.1" 200 3583
INFO 2026-08-22 20:51:29,403 log 7360 2788 "GET /static/admin/js/nav_sidebar.js HTTP/1.1" 200 3208
WARNING 2026-08-22 20:51:29,735 log 7360 2788 Not Found: /favicon.ico
WARNING 2026-08-22 20:51:29,736 log 7360 2788 "GET /favicon.ico HTTP/1.1" 404 6221
INFO 2026-08-22 20:51:35,098 log 7360 2788 "POST /admin/login/?next=/admin/ HTTP/1.1" 200 4501
INFO 2026-08-22 20:52:27,466 log 7360 2788 "POST /admin/login/?next=/admin/ HTTP/1.1" 200 4501
INFO 2026-08-22 20:52:37,823 log 7360 2788 "POST /admin/login/?next=/admin/ HTTP/1.1" 200 4484
INFO 2026-08-22 20:52:52,548 log 7360 2788 "GET /admin/login/?next=/admin/ HTTP/1.1" 200 4319
INFO 2026-08-22 20:57:24,819 autoreload 5328 5552 Watching for file changes with StatReloader
INFO 2026-08-22 20:57:33,245 log 5328 1592 "GET /admin/login/?next=/admin/ HTTP/1.1" 200 4319
INFO 2026-08-22 20:58:01,318 log 5328 1592 "POST /admin/login/?next=/admin/ HTTP/1.1" 200 4501
INFO 2026-08-22 20:58:15,212 log 5328 1592 "POST /admin/login/?next=/admin/ HTTP/1.1" 200 4501
INFO 2026-08-22 21:03:07,300 autoreload 760 2392 Watching for file changes with StatReloader
INFO 2026-08-22 21:03:23,136 log 760 1012 "GET /admin/ HTTP/1.1" 302 0
INFO 2026-08-22 21:03:23,251 log 760 1012 "GET /admin/login/?next=/admin/ HTTP/1.1" 200 4319
INFO 2026-08-22 21:03:47,442 log 760 1012 "POST /admin/login/?next=/admin/ HTTP/1.1" 302 0
INFO 2026-08-22 21:03:48,188 log 760 1012 "GET /admin/ HTTP/1.1" 200 24977
INFO 2026-08-22 21:03:48,505 log 760 1012 "GET /static/admin/css/dashboard.css HTTP/1.1" 304 0
INFO 2026-08-22 21:03:48,645 log 760 7048 "GET /static/admin/img/icon-changelink.svg HTTP/1.1" 304 0
INFO 2026-08-22 21:03:48,645 log 760 1012 "GET /static/admin/img/icon-addlink.svg HTTP/1.1" 304 0
INFO 2026-08-22 21:04:11,853 log 760 1012 "GET /admin/login/?next=/admin/ HTTP/1.1" 302 0
INFO 2026-08-22 21:04:12,019 log 760 1012 "GET /admin/ HTTP/1.1" 200 24977
INFO 2026-08-23 08:46:00,292 autoreload 7604 7608 Watching for file changes with StatReloader
INFO 2026-08-23 08:49:31,983 autoreload 2336 5904 Watching for file changes with StatReloader
ERROR 2026-08-23 08:51:47,570 log 2336 3420 Internal Server Error: /api/auth/register-customer/
Traceback (most recent call last):
  File "C:\Users\Erick Juma\Projects\Shipping_Projects\NOU-PRODUCT\E-Pearl\backend\venv\Lib\site-packages\rest_framework\views.py", line 523, in dispatch
    response = handler(request, *args, **kwargs)
  File "C:\Users\Erick Juma\Projects\Shipping_Projects\NOU-PRODUCT\E-Pearl\backend\venv\Lib\site-packages\rest_framework\views.py", line 172, in http_method_not_allowed
    raise exceptions.MethodNotAllowed(request.method)
rest_framework.exceptions.MethodNotAllowed: Method "GET" not allowed.

During handling of the above exception, another exception occurred:

Traceback (most recent call last):
  File "C:\Users\Erick Juma\Projects\Shipping_Projects\NOU-PRODUCT\E-Pearl\backend\venv\Lib\site-packages\rest_framework\settings.py", line 182, in import_from_string
    return import_string(val)
  File "C:\Users\Erick Juma\Projects\Shipping_Projects\NOU-PRODUCT\E-Pearl\backend\venv\Lib\site-packages\django\utils\module_loading.py", line 30, in import_string
    return cached_import(module_path, class_name)
  File "C:\Users\Erick Juma\Projects\Shipping_Projects\NOU-PRODUCT\E-Pearl\backend\venv\Lib\site-packages\django\utils\module_loading.py", line 15, in cached_import
    module = import_module(module_path)
  File "C:\Users\Erick Juma\AppData\Local\Programs\Python\Python314\Lib\importlib\__init__.py", line 88, in import_module
    return _bootstrap._gcd_import(name[level:], package, level)
           ~~~~~~~~~~~~~~~~~~~~~~^^^^^^^^^^^^^^^^^^^^^^^^^^^^^^
  File "<frozen importlib._bootstrap>", line 1406, in _gcd_import
  File "<frozen importlib._bootstrap>", line 1371, in _find_and_load
  File "<frozen importlib._bootstrap>", line 1335, in _find_and_load_unlocked
ModuleNotFoundError: No module named 'core.exceptions'

During handling of the above exception, another exception occurred:

Traceback (most recent call last):
  File "C:\Users\Erick Juma\Projects\Shipping_Projects\NOU-PRODUCT\E-Pearl\backend\venv\Lib\site-packages\django\core\handlers\exception.py", line 56, in inner
    response = get_response(request)
  File "C:\Users\Erick Juma\Projects\Shipping_Projects\NOU-PRODUCT\E-Pearl\backend\venv\Lib\site-packages\django\core\handlers\base.py", line 199, in _get_response
    response = wrapped_callback(request, *callback_args, **callback_kwargs)
  File "C:\Users\Erick Juma\Projects\Shipping_Projects\NOU-PRODUCT\E-Pearl\backend\venv\Lib\site-packages\django\views\decorators\csrf.py", line 64, in _view_wrapper
    return view_func(request, *args, **kwargs)
  File "C:\Users\Erick Juma\Projects\Shipping_Projects\NOU-PRODUCT\E-Pearl\backend\venv\Lib\site-packages\rest_framework\viewsets.py", line 124, in view
    return self.dispatch(request, *args, **kwargs)
           ~~~~~~~~~~~~~^^^^^^^^^^^^^^^^^^^^^^^^^^
  File "C:\Users\Erick Juma\Projects\Shipping_Projects\NOU-PRODUCT\E-Pearl\backend\venv\Lib\site-packages\rest_framework\views.py", line 526, in dispatch
    response = self.handle_exception(exc)
  File "C:\Users\Erick Juma\Projects\Shipping_Projects\NOU-PRODUCT\E-Pearl\backend\venv\Lib\site-packages\rest_framework\views.py", line 468, in handle_exception
    exception_handler = self.get_exception_handler()
  File "C:\Users\Erick Juma\Projects\Shipping_Projects\NOU-PRODUCT\E-Pearl\backend\venv\Lib\site-packages\rest_framework\views.py", line 303, in get_exception_handler
    return self.settings.EXCEPTION_HANDLER
           ^^^^^^^^^^^^^^^^^^^^^^^^^^^^^^^
  File "C:\Users\Erick Juma\Projects\Shipping_Projects\NOU-PRODUCT\E-Pearl\backend\venv\Lib\site-packages\rest_framework\settings.py", line 230, in __getattr__
    val = perform_import(val, attr)
  File "C:\Users\Erick Juma\Projects\Shipping_Projects\NOU-PRODUCT\E-Pearl\backend\venv\Lib\site-packages\rest_framework\settings.py", line 171, in perform_import
    return import_from_string(val, setting_name)
  File "C:\Users\Erick Juma\Projects\Shipping_Projects\NOU-PRODUCT\E-Pearl\backend\venv\Lib\site-packages\rest_framework\settings.py", line 185, in import_from_string
    raise ImportError(msg)
ImportError: Could not import 'core.exceptions.custom_exception_handler' for API setting 'EXCEPTION_HANDLER'. ModuleNotFoundError: No module named 'core.exceptions'.
ERROR 2026-08-23 08:51:47,585 log 2336 3420 "GET /api/auth/register-customer/ HTTP/1.1" 500 148664
WARNING 2026-08-23 08:51:54,355 log 2336 3420 Not Found: /favicon.ico
WARNING 2026-08-23 08:51:54,357 log 2336 3420 "GET /favicon.ico HTTP/1.1" 404 6221
ERROR 2026-08-23 08:52:08,249 log 2336 3420 Internal Server Error: /admin/
Traceback (most recent call last):
  File "C:\Users\Erick Juma\Projects\Shipping_Projects\NOU-PRODUCT\E-Pearl\backend\venv\Lib\site-packages\django\db\backends\utils.py", line 105, in _execute
    return self.cursor.execute(sql, params)
           ~~~~~~~~~~~~~~~~~~~^^^^^^^^^^^^^
psycopg2.errors.UndefinedColumn: column users_user.password_updated_at does not exist
LINE 1: ...user"."last_login", "users_user"."last_activity", "users_use...
                                                             ^


The above exception was the direct cause of the following exception:

Traceback (most recent call last):
  File "C:\Users\Erick Juma\Projects\Shipping_Projects\NOU-PRODUCT\E-Pearl\backend\venv\Lib\site-packages\django\core\handlers\exception.py", line 56, in inner
    response = get_response(request)
  File "C:\Users\Erick Juma\Projects\Shipping_Projects\NOU-PRODUCT\E-Pearl\backend\venv\Lib\site-packages\django\core\handlers\base.py", line 199, in _get_response
    response = wrapped_callback(request, *callback_args, **callback_kwargs)
  File "C:\Users\Erick Juma\Projects\Shipping_Projects\NOU-PRODUCT\E-Pearl\backend\venv\Lib\site-packages\django\contrib\admin\sites.py", line 267, in wrapper
    return self.admin_view(view, cacheable)(*args, **kwargs)
           ~~~~~~~~~~~~~~~~~~~~~~~~~~~~~~~~^^^^^^^^^^^^^^^^^
  File "C:\Users\Erick Juma\Projects\Shipping_Projects\NOU-PRODUCT\E-Pearl\backend\venv\Lib\site-packages\django\utils\decorators.py", line 191, in _view_wrapper
    result = _process_exception(request, e)
  File "C:\Users\Erick Juma\Projects\Shipping_Projects\NOU-PRODUCT\E-Pearl\backend\venv\Lib\site-packages\django\utils\decorators.py", line 189, in _view_wrapper
    response = view_func(request, *args, **kwargs)
  File "C:\Users\Erick Juma\Projects\Shipping_Projects\NOU-PRODUCT\E-Pearl\backend\venv\Lib\site-packages\django\views\decorators\cache.py", line 79, in _view_wrapper
    response = view_func(request, *args, **kwargs)
  File "C:\Users\Erick Juma\Projects\Shipping_Projects\NOU-PRODUCT\E-Pearl\backend\venv\Lib\site-packages\django\contrib\admin\sites.py", line 236, in inner
    if not self.has_permission(request):
           ~~~~~~~~~~~~~~~~~~~^^^^^^^^^
  File "C:\Users\Erick Juma\Projects\Shipping_Projects\NOU-PRODUCT\E-Pearl\backend\venv\Lib\site-packages\django\contrib\admin\sites.py", line 209, in has_permission
    return request.user.is_active and request.user.is_staff
           ^^^^^^^^^^^^^^^^^^^^^^
  File "C:\Users\Erick Juma\Projects\Shipping_Projects\NOU-PRODUCT\E-Pearl\backend\venv\Lib\site-packages\django\utils\functional.py", line 251, in inner
    self._setup()
    ~~~~~~~~~~~^^
  File "C:\Users\Erick Juma\Projects\Shipping_Projects\NOU-PRODUCT\E-Pearl\backend\venv\Lib\site-packages\django\utils\functional.py", line 404, in _setup
    self._wrapped = self._setupfunc()
                    ~~~~~~~~~~~~~~~^^
  File "C:\Users\Erick Juma\Projects\Shipping_Projects\NOU-PRODUCT\E-Pearl\backend\venv\Lib\site-packages\django\contrib\auth\middleware.py", line 39, in <lambda>
    request.user = SimpleLazyObject(lambda: get_user(request))
                                            ~~~~~~~~^^^^^^^^^
  File "C:\Users\Erick Juma\Projects\Shipping_Projects\NOU-PRODUCT\E-Pearl\backend\venv\Lib\site-packages\django\contrib\auth\middleware.py", line 19, in get_user
    request._cached_user = auth.get_user(request)
                           ~~~~~~~~~~~~~^^^^^^^^^
  File "C:\Users\Erick Juma\Projects\Shipping_Projects\NOU-PRODUCT\E-Pearl\backend\venv\Lib\site-packages\django\contrib\auth\__init__.py", line 294, in get_user
    user = backend.get_user(user_id)
  File "C:\Users\Erick Juma\Projects\Shipping_Projects\NOU-PRODUCT\E-Pearl\backend\venv\Lib\site-packages\django\contrib\auth\backends.py", line 237, in get_user
    user = UserModel._default_manager.get(pk=user_id)
  File "C:\Users\Erick Juma\Projects\Shipping_Projects\NOU-PRODUCT\E-Pearl\backend\venv\Lib\site-packages\django\db\models\manager.py", line 87, in manager_method
    return getattr(self.get_queryset(), name)(*args, **kwargs)
           ~~~~~~~~~~~~~~~~~~~~~~~~~~~~~~~~~~^^^^^^^^^^^^^^^^^
  File "C:\Users\Erick Juma\Projects\Shipping_Projects\NOU-PRODUCT\E-Pearl\backend\venv\Lib\site-packages\django\db\models\query.py", line 679, in get
    num = len(clone)
  File "C:\Users\Erick Juma\Projects\Shipping_Projects\NOU-PRODUCT\E-Pearl\backend\venv\Lib\site-packages\django\db\models\query.py", line 416, in __len__
    self._fetch_all()
    ~~~~~~~~~~~~~~~^^
  File "C:\Users\Erick Juma\Projects\Shipping_Projects\NOU-PRODUCT\E-Pearl\backend\venv\Lib\site-packages\django\db\models\query.py", line 2239, in _fetch_all
    self._result_cache = list(self._iterable_class(self))
                         ~~~~^^^^^^^^^^^^^^^^^^^^^^^^^^^^
  File "C:\Users\Erick Juma\Projects\Shipping_Projects\NOU-PRODUCT\E-Pearl\backend\venv\Lib\site-packages\django\db\models\query.py", line 98, in __iter__
    results = compiler.execute_sql(
        chunked_fetch=self.chunked_fetch, chunk_size=self.chunk_size
    )
  File "C:\Users\Erick Juma\Projects\Shipping_Projects\NOU-PRODUCT\E-Pearl\backend\venv\Lib\site-packages\django\db\models\sql\compiler.py", line 1624, in execute_sql
    cursor.execute(sql, params)
    ~~~~~~~~~~~~~~^^^^^^^^^^^^^
  File "C:\Users\Erick Juma\Projects\Shipping_Projects\NOU-PRODUCT\E-Pearl\backend\venv\Lib\site-packages\django\db\backends\utils.py", line 122, in execute
    return super().execute(sql, params)
           ~~~~~~~~~~~~~~~^^^^^^^^^^^^^
  File "C:\Users\Erick Juma\Projects\Shipping_Projects\NOU-PRODUCT\E-Pearl\backend\venv\Lib\site-packages\django\db\backends\utils.py", line 79, in execute
    return self._execute_with_wrappers(
           ~~~~~~~~~~~~~~~~~~~~~~~~~~~^
        sql, params, many=False, executor=self._execute
        ^^^^^^^^^^^^^^^^^^^^^^^^^^^^^^^^^^^^^^^^^^^^^^^
    )
    ^
  File "C:\Users\Erick Juma\Projects\Shipping_Projects\NOU-PRODUCT\E-Pearl\backend\venv\Lib\site-packages\django\db\backends\utils.py", line 92, in _execute_with_wrappers
    return executor(sql, params, many, context)
  File "C:\Users\Erick Juma\Projects\Shipping_Projects\NOU-PRODUCT\E-Pearl\backend\venv\Lib\site-packages\django\db\backends\utils.py", line 100, in _execute
    with self.db.wrap_database_errors:
         ^^^^^^^^^^^^^^^^^^^^^^^^^^^^
  File "C:\Users\Erick Juma\Projects\Shipping_Projects\NOU-PRODUCT\E-Pearl\backend\venv\Lib\site-packages\django\db\utils.py", line 94, in __exit__
    raise dj_exc_value.with_traceback(traceback) from exc_value
  File "C:\Users\Erick Juma\Projects\Shipping_Projects\NOU-PRODUCT\E-Pearl\backend\venv\Lib\site-packages\django\db\backends\utils.py", line 105, in _execute
    return self.cursor.execute(sql, params)
           ~~~~~~~~~~~~~~~~~~~^^^^^^^^^^^^^
django.db.utils.ProgrammingError: column users_user.password_updated_at does not exist
LINE 1: ...user"."last_login", "users_user"."last_activity", "users_use...
                                                             ^

ERROR 2026-08-23 08:52:08,282 log 2336 3420 "GET /admin/ HTTP/1.1" 500 207572
INFO 2026-08-23 09:34:15,073 autoreload 5392 5312 Watching for file changes with StatReloader
INFO 2026-08-23 09:35:35,762 log 5392 1240 "POST /api/auth/register-customer/ HTTP/1.1" 200 896
WARNING 2026-08-23 09:35:47,922 log 5392 8152 Bad Request: /api/auth/manager-login/
WARNING 2026-08-23 09:35:47,923 log 5392 8152 "POST /api/auth/manager-login/ HTTP/1.1" 400 44
INFO 2026-08-23 09:39:52,928 log 5392 7520 "POST /api/auth/manager-login/ HTTP/1.1" 200 920
INFO 2026-08-23 09:41:48,322 log 5392 1656 "POST /api/auth/staff-login/ HTTP/1.1" 200 914
ERROR 2026-08-23 09:42:21,312 notification_service 5392 7684 Failed to send email at 2026-08-23T06:42:21.312104+00:00: An error occurred (InvalidClientTokenId) when calling the SendEmail operation: The security token included in the request is invalid.
INFO 2026-08-23 09:42:21,312 notification_service 5392 7684 Email would be sent to darkhumor298@gmail.com at 2026-08-23T06:42:21.312751+00:00: E-Pearl Admin Login Link
INFO 2026-08-23 09:42:21,323 log 5392 7684 "POST /api/auth/admin-login-request/ HTTP/1.1" 200 156
WARNING 2026-08-23 09:43:37,793 log 5392 7124 Bad Request: /api/auth/admin-login-confirm/
WARNING 2026-08-23 09:43:37,794 log 5392 7124 "POST /api/auth/admin-login-confirm/ HTTP/1.1" 400 41
ERROR 2026-08-23 09:45:02,339 notification_service 5392 7760 Failed to send email at 2026-08-23T06:45:02.338917+00:00: An error occurred (InvalidClientTokenId) when calling the SendEmail operation: The security token included in the request is invalid.
INFO 2026-08-23 09:45:02,340 notification_service 5392 7760 Email would be sent to darkhumor298@gmail.com at 2026-08-23T06:45:02.340422+00:00: E-Pearl Admin Login Link
INFO 2026-08-23 09:45:02,365 log 5392 7760 "POST /api/auth/admin-login-request/ HTTP/1.1" 200 156
WARNING 2026-08-23 09:45:53,553 log 5392 7464 Bad Request: /api/auth/admin-login-confirm/
WARNING 2026-08-23 09:45:53,554 log 5392 7464 "POST /api/auth/admin-login-confirm/ HTTP/1.1" 400 49
INFO 2026-08-23 09:47:12,220 log 5392 6508 "POST /api/auth/admin-login-confirm/ HTTP/1.1" 200 915
INFO 2026-08-23 10:15:43,161 autoreload 6608 8184 Watching for file changes with StatReloader
INFO 2026-08-23 10:17:54,700 autoreload 4348 1240 Watching for file changes with StatReloader
INFO 2026-08-23 10:19:02,238 notification_service 284 7612 Email sent to jumaerick298@gmail.com: Test
INFO 2026-08-23 10:33:32,360 notification_service 284 7612 Email sent to your_test_email@example.com: Test Email
INFO 2026-08-23 10:33:36,268 notification_service 284 7612 Email sent to your_test_email@example.com: E-Pearl Login OTP
INFO 2026-08-23 10:35:26,197 notification_service 284 7612 Email sent to your_test_email@example.com: E-Pearl Admin Login Link
INFO 2026-08-23 10:35:40,756 notification_service 284 7612 Email sent to your_test_email@example.com: Test Email
INFO 2026-08-23 10:35:44,454 notification_service 284 7612 Email sent to your_test_email@example.com: E-Pearl Login OTP
INFO 2026-08-23 10:35:49,545 notification_service 284 7612 Email sent to your_test_email@example.com: E-Pearl Admin Login Link
INFO 2026-08-23 10:36:25,440 notification_service 4348 7144 Email sent to darkhumor298@gmail.com: E-Pearl Admin Login Link
INFO 2026-08-23 10:36:25,497 log 4348 7144 "POST /api/auth/admin-login-request/ HTTP/1.1" 200 156
WARNING 2026-08-23 10:36:39,631 log 4348 7028 Bad Request: /api/auth/password-reset-request/
WARNING 2026-08-23 10:36:39,649 log 4348 7028 "POST /api/auth/password-reset-request/ HTTP/1.1" 400 72
INFO 2026-08-23 11:22:59,621 autoreload 2872 7104 Watching for file changes with StatReloader
WARNING 2026-08-23 11:23:18,960 log 2872 4212 Bad Request: /api/auth/register-customer/
WARNING 2026-08-23 11:23:18,962 log 2872 4212 "POST /api/auth/register-customer/ HTTP/1.1" 400 40
INFO 2026-08-23 11:24:17,212 log 2872 7956 "POST /api/auth/register-customer/ HTTP/1.1" 200 897
INFO 2026-08-23 11:25:08,923 log 2872 7496 "POST /api/auth/token/ HTTP/1.1" 200 582
INFO 2026-08-23 11:26:12,034 log 2872 7292 "POST /api/auth/staff-login/ HTTP/1.1" 200 903
INFO 2026-08-23 11:26:24,600 notification_service 2872 6532 Email sent to jumaerick298@gmail.com: E-Pearl Password Reset OTP
INFO 2026-08-23 11:26:24,602 log 2872 6532 "POST /api/auth/password-reset-request/ HTTP/1.1" 200 113
WARNING 2026-08-23 11:28:24,690 log 2872 1364 Bad Request: /api/auth/password-reset-confirm/
WARNING 2026-08-23 11:28:24,728 log 2872 1364 "POST /api/auth/password-reset-confirm/ HTTP/1.1" 400 40
WARNING 2026-08-23 11:29:08,075 log 2872 6316 Bad Request: /api/auth/password-reset-confirm/
WARNING 2026-08-23 11:29:08,131 log 2872 6316 "POST /api/auth/password-reset-confirm/ HTTP/1.1" 400 40
INFO 2026-08-23 11:29:46,577 log 2872 2112 "POST /api/auth/password-reset-confirm/ HTTP/1.1" 200 41
INFO 2026-08-23 21:34:36,787 autoreload 8360 8052 Watching for file changes with StatReloader
INFO 2026-08-24 05:44:34,866 autoreload 4884 5804 Watching for file changes with StatReloader
INFO 2026-08-24 05:46:06,685 autoreload 5572 3388 Watching for file changes with StatReloader
INFO 2026-08-24 05:59:42,995 autoreload 8696 8972 Watching for file changes with StatReloader
WARNING 2026-08-24 06:01:46,942 log 8696 7912 Unauthorized: /api/venues/register/
WARNING 2026-08-24 06:01:46,943 log 8696 7912 "POST /api/venues/register/ HTTP/1.1" 401 165
WARNING 2026-08-24 06:02:23,085 log 8696 4656 Unauthorized: /api/auth/token/
WARNING 2026-08-24 06:02:23,087 log 8696 4656 "POST /api/auth/token/ HTTP/1.1" 401 175
INFO 2026-08-24 06:03:12,290 log 8696 5532 "POST /api/auth/register-customer/ HTTP/1.1" 200 891
WARNING 2026-08-24 06:04:06,923 log 8696 632 Unauthorized: /api/venues/register/
WARNING 2026-08-24 06:04:06,925 log 8696 632 "POST /api/venues/register/ HTTP/1.1" 401 274
INFO 2026-08-24 06:05:23,059 log 8696 7872 "POST /api/venues/register/ HTTP/1.1" 201 852
INFO 2026-08-24 06:07:29,203 log 8696 8852 "POST /api/auth/token/ HTTP/1.1" 200 582
WARNING 2026-08-24 06:08:01,645 log 8696 1308 Method Not Allowed: /api/tables/tables/
WARNING 2026-08-24 06:08:01,647 log 8696 1308 "POST /api/tables/tables/ HTTP/1.1" 405 131
ERROR 2026-08-24 06:08:56,330 log 8696 7984 Internal Server Error: /api/tables/
Traceback (most recent call last):
  File "C:\Users\Erick Juma\Projects\Shipping_Projects\NOU-PRODUCT\E-Pearl\backend\venv\Lib\site-packages\django\db\backends\utils.py", line 105, in _execute
    return self.cursor.execute(sql, params)
           ~~~~~~~~~~~~~~~~~~~^^^^^^^^^^^^^
psycopg2.errors.UndefinedTable: relation "staff_staff" does not exist
LINE 1: SELECT COUNT(*) AS "__count" FROM "staff_staff" WHERE ("staf...
                                          ^


The above exception was the direct cause of the following exception:

Traceback (most recent call last):
  File "C:\Users\Erick Juma\Projects\Shipping_Projects\NOU-PRODUCT\E-Pearl\backend\venv\Lib\site-packages\django\core\handlers\exception.py", line 56, in inner
    response = get_response(request)
  File "C:\Users\Erick Juma\Projects\Shipping_Projects\NOU-PRODUCT\E-Pearl\backend\venv\Lib\site-packages\django\core\handlers\base.py", line 199, in _get_response
    response = wrapped_callback(request, *callback_args, **callback_kwargs)
  File "C:\Users\Erick Juma\Projects\Shipping_Projects\NOU-PRODUCT\E-Pearl\backend\venv\Lib\site-packages\django\views\decorators\csrf.py", line 64, in _view_wrapper
    return view_func(request, *args, **kwargs)
  File "C:\Users\Erick Juma\Projects\Shipping_Projects\NOU-PRODUCT\E-Pearl\backend\venv\Lib\site-packages\rest_framework\viewsets.py", line 124, in view
    return self.dispatch(request, *args, **kwargs)
           ~~~~~~~~~~~~~^^^^^^^^^^^^^^^^^^^^^^^^^^
  File "C:\Users\Erick Juma\Projects\Shipping_Projects\NOU-PRODUCT\E-Pearl\backend\venv\Lib\site-packages\rest_framework\views.py", line 526, in dispatch
    response = self.handle_exception(exc)
  File "C:\Users\Erick Juma\Projects\Shipping_Projects\NOU-PRODUCT\E-Pearl\backend\venv\Lib\site-packages\rest_framework\views.py", line 474, in handle_exception
    self.raise_uncaught_exception(exc)
    ~~~~~~~~~~~~~~~~~~~~~~~~~~~~~^^^^^
  File "C:\Users\Erick Juma\Projects\Shipping_Projects\NOU-PRODUCT\E-Pearl\backend\venv\Lib\site-packages\rest_framework\views.py", line 485, in raise_uncaught_exception
    raise exc
  File "C:\Users\Erick Juma\Projects\Shipping_Projects\NOU-PRODUCT\E-Pearl\backend\venv\Lib\site-packages\rest_framework\views.py", line 523, in dispatch
    response = handler(request, *args, **kwargs)
  File "C:\Users\Erick Juma\Projects\Shipping_Projects\NOU-PRODUCT\E-Pearl\backend\venv\Lib\site-packages\rest_framework\mixins.py", line 19, in create
    self.perform_create(serializer)
    ~~~~~~~~~~~~~~~~~~~^^^^^^^^^^^^
  File "C:\Users\Erick Juma\Projects\Shipping_Projects\NOU-PRODUCT\E-Pearl\backend\epearl\tables\views.py", line 70, in perform_create
    table = TableService.create_table(user.venue, serializer.validated_data)
  File "C:\Users\Erick Juma\Projects\Shipping_Projects\NOU-PRODUCT\E-Pearl\backend\epearl\tables\services\table_service.py", line 21, in create_table
    if not TierService.can_add_table(venue):
           ~~~~~~~~~~~~~~~~~~~~~~~~~^^^^^^^
  File "C:\Users\Erick Juma\Projects\Shipping_Projects\NOU-PRODUCT\E-Pearl\backend\epearl\venues\services\tier_service.py", line 80, in can_add_table
    current = cls.get_current_counts(venue)['tables']
              ~~~~~~~~~~~~~~~~~~~~~~^^^^^^^
  File "C:\Users\Erick Juma\Projects\Shipping_Projects\NOU-PRODUCT\E-Pearl\backend\epearl\venues\services\tier_service.py", line 73, in get_current_counts
    'staff': Staff.objects.filter(venue=venue, is_active=True).count(),
             ~~~~~~~~~~~~~~~~~~~~~~~~~~~~~~~~~~~~~~~~~~~~~~~~~~~~~~~^^
  File "C:\Users\Erick Juma\Projects\Shipping_Projects\NOU-PRODUCT\E-Pearl\backend\venv\Lib\site-packages\django\db\models\query.py", line 654, in count
    return self.query.get_count(using=self.db)
           ~~~~~~~~~~~~~~~~~~~~^^^^^^^^^^^^^^^
  File "C:\Users\Erick Juma\Projects\Shipping_Projects\NOU-PRODUCT\E-Pearl\backend\venv\Lib\site-packages\django\db\models\sql\query.py", line 656, in get_count
    return obj.get_aggregation(using, {"__count": Count("*")})["__count"]
           ~~~~~~~~~~~~~~~~~~~^^^^^^^^^^^^^^^^^^^^^^^^^^^^^^^^
  File "C:\Users\Erick Juma\Projects\Shipping_Projects\NOU-PRODUCT\E-Pearl\backend\venv\Lib\site-packages\django\db\models\sql\query.py", line 638, in get_aggregation
    result = compiler.execute_sql(SINGLE)
  File "C:\Users\Erick Juma\Projects\Shipping_Projects\NOU-PRODUCT\E-Pearl\backend\venv\Lib\site-packages\django\db\models\sql\compiler.py", line 1624, in execute_sql
    cursor.execute(sql, params)
    ~~~~~~~~~~~~~~^^^^^^^^^^^^^
  File "C:\Users\Erick Juma\Projects\Shipping_Projects\NOU-PRODUCT\E-Pearl\backend\venv\Lib\site-packages\django\db\backends\utils.py", line 122, in execute
    return super().execute(sql, params)
           ~~~~~~~~~~~~~~~^^^^^^^^^^^^^
  File "C:\Users\Erick Juma\Projects\Shipping_Projects\NOU-PRODUCT\E-Pearl\backend\venv\Lib\site-packages\django\db\backends\utils.py", line 79, in execute
    return self._execute_with_wrappers(
           ~~~~~~~~~~~~~~~~~~~~~~~~~~~^
        sql, params, many=False, executor=self._execute
        ^^^^^^^^^^^^^^^^^^^^^^^^^^^^^^^^^^^^^^^^^^^^^^^
    )
    ^
  File "C:\Users\Erick Juma\Projects\Shipping_Projects\NOU-PRODUCT\E-Pearl\backend\venv\Lib\site-packages\django\db\backends\utils.py", line 92, in _execute_with_wrappers
    return executor(sql, params, many, context)
  File "C:\Users\Erick Juma\Projects\Shipping_Projects\NOU-PRODUCT\E-Pearl\backend\venv\Lib\site-packages\django\db\backends\utils.py", line 100, in _execute
    with self.db.wrap_database_errors:
         ^^^^^^^^^^^^^^^^^^^^^^^^^^^^
  File "C:\Users\Erick Juma\Projects\Shipping_Projects\NOU-PRODUCT\E-Pearl\backend\venv\Lib\site-packages\django\db\utils.py", line 94, in __exit__
    raise dj_exc_value.with_traceback(traceback) from exc_value
  File "C:\Users\Erick Juma\Projects\Shipping_Projects\NOU-PRODUCT\E-Pearl\backend\venv\Lib\site-packages\django\db\backends\utils.py", line 105, in _execute
    return self.cursor.execute(sql, params)
           ~~~~~~~~~~~~~~~~~~~^^^^^^^^^^^^^
django.db.utils.ProgrammingError: relation "staff_staff" does not exist
LINE 1: SELECT COUNT(*) AS "__count" FROM "staff_staff" WHERE ("staf...
                                          ^

ERROR 2026-08-24 06:08:56,403 log 8696 7984 "POST /api/tables/ HTTP/1.1" 500 187954
INFO 2026-08-24 06:37:05,906 autoreload 8880 7656 Watching for file changes with StatReloader
INFO 2026-08-24 06:41:51,464 autoreload 292 1456 Watching for file changes with StatReloader
INFO 2026-08-24 06:43:29,518 autoreload 4204 4048 Watching for file changes with StatReloader
INFO 2026-08-24 07:07:32,187 autoreload 3092 6608 Watching for file changes with StatReloader
INFO 2026-08-24 07:09:12,083 log 3092 4056 "GET /admin/auth/ HTTP/1.1" 302 0
INFO 2026-08-24 07:09:22,174 log 3092 4056 "GET /admin/login/?next=/admin/auth/ HTTP/1.1" 200 4329
INFO 2026-08-24 07:09:25,011 log 3092 8524 "GET /static/admin/css/dark_mode.css HTTP/1.1" 200 3583
INFO 2026-08-24 07:09:25,828 log 3092 8580 "GET /static/admin/css/login.css HTTP/1.1" 200 951
INFO 2026-08-24 07:09:26,035 log 3092 6620 "GET /static/admin/css/responsive.css HTTP/1.1" 200 15025
INFO 2026-08-24 07:09:26,364 log 3092 8456 "GET /static/admin/css/nav_sidebar.css HTTP/1.1" 200 2814
INFO 2026-08-24 07:09:26,426 log 3092 4056 "GET /static/admin/css/base.css HTTP/1.1" 200 24538
INFO 2026-08-24 07:09:34,780 log 3092 6384 "GET /static/admin/js/theme.js HTTP/1.1" 200 1708
INFO 2026-08-24 07:09:34,780 log 3092 4056 "GET /static/admin/js/nav_sidebar.js HTTP/1.1" 200 3208
INFO 2026-08-24 07:09:36,978 log 3092 8540 "GET /static/admin/img/icon-info.svg HTTP/1.1" 200 630
INFO 2026-08-24 07:09:36,997 log 3092 6320 "GET /static/admin/img/icon-yes.svg HTTP/1.1" 200 558
INFO 2026-08-24 07:09:37,017 log 3092 2728 "GET /static/admin/img/icon-no.svg HTTP/1.1" 200 645
INFO 2026-08-24 07:09:37,027 log 3092 3188 "GET /static/admin/img/icon-debug.svg HTTP/1.1" 200 1247
INFO 2026-08-24 07:09:37,039 log 3092 7180 "GET /static/admin/img/icon-alert.svg HTTP/1.1" 200 684
INFO 2026-08-24 07:09:37,048 log 3092 6872 "GET /static/admin/img/icon-debug-dark.svg HTTP/1.1" 200 1247
INFO 2026-08-24 07:09:37,188 log 3092 2728 "GET /static/admin/img/icon-alert-dark.svg HTTP/1.1" 200 684
INFO 2026-08-24 07:09:37,224 log 3092 8540 "GET /static/admin/img/icon-info-dark.svg HTTP/1.1" 200 630
INFO 2026-08-24 07:09:37,264 log 3092 3188 "GET /static/admin/img/icon-no-dark.svg HTTP/1.1" 200 645
INFO 2026-08-24 07:09:37,283 log 3092 6320 "GET /static/admin/img/icon-yes-dark.svg HTTP/1.1" 200 558
WARNING 2026-08-24 07:09:41,104 log 3092 6384 Not Found: /favicon.ico
WARNING 2026-08-24 07:09:41,105 log 3092 6384 "GET /favicon.ico HTTP/1.1" 404 6515
INFO 2026-08-24 07:09:59,989 log 3092 6384 "POST /admin/login/?next=/admin/auth/ HTTP/1.1" 200 4511
INFO 2026-08-24 07:10:31,736 log 3092 3792 "POST /admin/login/?next=/admin/auth/ HTTP/1.1" 200 4503
INFO 2026-08-24 07:10:50,289 log 3092 3792 "POST /admin/login/?next=/admin/auth/ HTTP/1.1" 200 4503
INFO 2026-08-24 07:11:04,609 log 3092 3792 "POST /admin/login/?next=/admin/auth/ HTTP/1.1" 200 4503
INFO 2026-08-24 07:11:16,087 log 3092 3792 "POST /admin/login/?next=/admin/auth/ HTTP/1.1" 200 4503
INFO 2026-08-24 07:11:27,456 log 3092 3792 "GET /admin/login/?next=/admin/auth/ HTTP/1.1" 200 4329
INFO 2026-08-24 15:46:15,850 autoreload 7504 4644 Watching for file changes with StatReloader
WARNING 2026-08-24 15:49:53,661 log 7504 1308 Not Found: /
WARNING 2026-08-24 15:49:53,686 log 7504 1308 "GET / HTTP/1.1" 404 6658
WARNING 2026-08-24 15:50:00,299 log 7504 1308 Not Found: /favicon.ico
WARNING 2026-08-24 15:50:00,300 log 7504 1308 "GET /favicon.ico HTTP/1.1" 404 6709
INFO 2026-08-24 15:50:26,740 log 7504 1308 "GET /admin/ HTTP/1.1" 302 0
INFO 2026-08-24 15:50:33,992 log 7504 1308 "GET /admin/login/?next=/admin/ HTTP/1.1" 200 4081
INFO 2026-08-24 15:50:35,776 log 7504 352 "GET /static/admin/css/login.css HTTP/1.1" 200 951
INFO 2026-08-24 15:50:36,287 log 7504 7080 "GET /static/admin/css/nav_sidebar.css HTTP/1.1" 200 2810
INFO 2026-08-24 15:50:36,370 log 7504 9044 "GET /static/admin/css/base.css HTTP/1.1" 200 23100
INFO 2026-08-24 15:50:36,528 log 7504 9944 "GET /static/admin/css/responsive.css HTTP/1.1" 200 16273
INFO 2026-08-24 15:50:36,745 log 7504 1308 "GET /static/admin/css/dark_mode.css HTTP/1.1" 200 3538
INFO 2026-08-24 15:50:40,020 log 7504 752 "GET /static/admin/js/theme.js HTTP/1.1" 200 1653
INFO 2026-08-24 15:50:40,021 log 7504 1308 "GET /static/admin/js/nav_sidebar.js HTTP/1.1" 200 3063
INFO 2026-08-24 15:51:09,170 log 7504 1308 "POST /admin/login/?next=/admin/ HTTP/1.1" 200 4255
INFO 2026-08-24 15:51:12,073 log 7504 1308 "GET /admin/login/?next=/admin/ HTTP/1.1" 200 4081
WARNING 2026-08-24 15:52:18,353 log 7504 1308 Unauthorized: /api/
WARNING 2026-08-24 15:52:18,354 log 7504 1308 "GET /api/ HTTP/1.1" 401 165
WARNING 2026-08-24 15:52:48,692 log 7504 1308 Unauthorized: /api/
WARNING 2026-08-24 15:52:48,712 log 7504 1308 "GET /api/ HTTP/1.1" 401 165
WARNING 2026-08-24 15:53:37,049 log 7504 3572 Bad Request: /api/auth/token/
WARNING 2026-08-24 15:53:37,051 log 7504 3572 "POST /api/auth/token/ HTTP/1.1" 400 155
WARNING 2026-08-24 15:54:33,504 log 7504 5148 Unauthorized: /api/auth/token/
WARNING 2026-08-24 15:54:33,506 log 7504 5148 "POST /api/auth/token/ HTTP/1.1" 401 175
INFO 2026-08-24 15:56:35,373 log 7504 1920 "POST /api/auth/token/ HTTP/1.1" 200 582
WARNING 2026-08-24 15:57:10,649 log 7504 1308 Unauthorized: /api/
WARNING 2026-08-24 15:57:10,651 log 7504 1308 "GET /api/ HTTP/1.1" 401 165
INFO 2026-08-24 15:57:31,066 log 7504 1308 "GET /admin/auth/ HTTP/1.1" 302 0
INFO 2026-08-24 15:57:31,387 log 7504 1308 "GET /admin/login/?next=/admin/auth/ HTTP/1.1" 200 4091
INFO 2026-08-24 15:57:38,676 log 7504 1308 "POST /admin/login/?next=/admin/auth/ HTTP/1.1" 200 4273
INFO 2026-08-24 17:08:25,811 autoreload 7088 6180 Watching for file changes with StatReloader
WARNING 2026-08-24 17:09:15,703 log 7088 7336 Bad Request: /api/auth/token/
WARNING 2026-08-24 17:09:15,705 log 7088 7336 "POST /api/auth/token/ HTTP/1.1" 400 155
WARNING 2026-08-24 17:10:05,901 log 7088 2344 Unauthorized: /api/auth/token/
WARNING 2026-08-24 17:10:05,902 log 7088 2344 "POST /api/auth/token/ HTTP/1.1" 401 175
INFO 2026-08-24 17:10:47,683 log 7088 5616 "POST /api/auth/token/ HTTP/1.1" 200 582
WARNING 2026-08-24 17:11:17,596 log 7088 5068 Not Found: /api/health/status/
WARNING 2026-08-24 17:11:17,600 log 7088 5068 "GET /api/health/status/ HTTP/1.1" 404 96353
WARNING 2026-08-24 17:11:32,237 log 7088 8232 Not Found: /api/system-status/overview/
WARNING 2026-08-24 17:11:32,238 log 7088 8232 "GET /api/system-status/overview/ HTTP/1.1" 404 96380
INFO 2026-08-24 17:13:32,214 autoreload 7708 5372 Watching for file changes with StatReloader
INFO 2026-08-24 17:13:44,323 log 7708 720 "GET /api/health/status/ HTTP/1.1" 200 1693
INFO 2026-08-24 17:14:12,029 log 7708 1940 "GET /api/system-status/overview/ HTTP/1.1" 200 148
INFO 2026-08-24 17:14:23,674 log 7708 9132 "GET /api/request-logs/ HTTP/1.1" 200 3424
INFO 2026-08-24 17:14:35,942 log 7708 4828 "GET /api/feature-flags/ HTTP/1.1" 200 52
INFO 2026-08-24 17:14:43,513 log 7708 5560 "GET /api/finance/reconciliation/summary/?start_date=2026-08-01&end_date=2026-08-24 HTTP/1.1" 200 291
INFO 2026-08-24 17:14:49,787 log 7708 7804 "POST /api/billing/run_charge/ HTTP/1.1" 200 35
INFO 2026-08-24 17:26:34,240 autoreload 6716 8972 Watching for file changes with StatReloader
WARNING 2026-08-24 17:26:46,761 log 6716 9380 Not Found: /api/control/venue-metrics/summary/
WARNING 2026-08-24 17:26:46,762 log 6716 9380 "GET /api/control/venue-metrics/summary/ HTTP/1.1" 404 111779
WARNING 2026-08-24 17:26:47,082 log 6716 8164 Not Found: /api/control/manager/audit_analytics/
WARNING 2026-08-24 17:26:47,083 log 6716 8164 "GET /api/control/manager/audit_analytics/ HTTP/1.1" 404 111785
WARNING 2026-08-24 17:26:47,423 log 6716 4816 Not Found: /api/control/hq-notifications/analytics/
WARNING 2026-08-24 17:26:47,424 log 6716 4816 "GET /api/control/hq-notifications/analytics/ HTTP/1.1" 404 111794
WARNING 2026-08-24 17:26:49,822 log 6716 7392 Not Found: /api/control/support-tickets/analytics/
WARNING 2026-08-24 17:26:49,823 log 6716 7392 "GET /api/control/support-tickets/analytics/ HTTP/1.1" 404 111791
INFO 2026-08-24 17:29:15,461 autoreload 8600 9880 Watching for file changes with StatReloader
WARNING 2026-08-24 17:29:24,796 log 8600 4380 Not Found: /api/control/manager/audit_analytics/
WARNING 2026-08-24 17:29:24,798 log 8600 4380 "GET /api/control/manager/audit_analytics/ HTTP/1.1" 404 111785
WARNING 2026-08-24 17:29:25,117 log 8600 7864 Not Found: /api/control/hq-notifications/analytics/
WARNING 2026-08-24 17:29:25,119 log 8600 7864 "GET /api/control/hq-notifications/analytics/ HTTP/1.1" 404 111794
WARNING 2026-08-24 17:29:25,477 log 8600 1584 Not Found: /api/control/support-tickets/analytics/
WARNING 2026-08-24 17:29:25,479 log 8600 1584 "GET /api/control/support-tickets/analytics/ HTTP/1.1" 404 111791
WARNING 2026-08-24 17:29:34,593 log 8600 9388 Not Found: /api/control/venue-metrics/summary/
WARNING 2026-08-24 17:29:34,594 log 8600 9388 "GET /api/control/venue-metrics/summary/ HTTP/1.1" 404 111779
WARNING 2026-08-24 17:30:33,125 log 8600 9336 Forbidden: /api/manager/audit_analytics/
WARNING 2026-08-24 17:30:33,129 log 8600 9336 "GET /api/manager/audit_analytics/ HTTP/1.1" 403 175
INFO 2026-08-24 17:30:33,587 log 8600 9668 "GET /api/hq-notifications/analytics/ HTTP/1.1" 200 126
INFO 2026-08-24 17:30:33,887 log 8600 6496 "GET /api/support-tickets/analytics/ HTTP/1.1" 200 143
INFO 2026-08-24 17:33:20,183 autoreload 8268 7508 Watching for file changes with StatReloader
WARNING 2026-08-24 17:33:27,249 log 8268 6976 Bad Request: /api/manager/audit_analytics/
WARNING 2026-08-24 17:33:27,274 log 8268 6976 "GET /api/manager/audit_analytics/ HTTP/1.1" 400 48
INFO 2026-08-24 17:36:52,393 autoreload 5148 5184 Watching for file changes with StatReloader
INFO 2026-08-24 17:37:18,604 log 5148 9296 "GET /api/manager/audit_analytics/ HTTP/1.1" 200 192
INFO 2026-08-24 20:43:17,180 autoreload 2308 9032 Watching for file changes with StatReloader
INFO 2026-08-24 21:14:05,445 autoreload 9716 6320 Watching for file changes with StatReloader
ERROR 2026-08-24 21:15:11,924 log 9716 4596 Internal Server Error: /api/menu-categories/
Traceback (most recent call last):
  File "C:\Users\Erick Juma\Projects\Shipping_Projects\NOU-PRODUCT\E-Pearl\backend\venv\Lib\site-packages\django\core\handlers\exception.py", line 55, in inner
    response = get_response(request)
  File "C:\Users\Erick Juma\Projects\Shipping_Projects\NOU-PRODUCT\E-Pearl\backend\venv\Lib\site-packages\django\utils\deprecation.py", line 308, in __call__
    response = self.process_request(request)
  File "C:\Users\Erick Juma\Projects\Shipping_Projects\NOU-PRODUCT\E-Pearl\backend\epearl\security\middleware.py", line 28, in process_request
    blocked, rule, message = RuleEngine.evaluate(request)
                             ~~~~~~~~~~~~~~~~~~~^^^^^^^^^
  File "C:\Users\Erick Juma\Projects\Shipping_Projects\NOU-PRODUCT\E-Pearl\backend\epearl\security\services\rule_engine.py", line 32, in evaluate
    ip = cls.get_client_ip(request)
         ^^^^^^^^^^^^^^^^^
AttributeError: type object 'RuleEngine' has no attribute 'get_client_ip'
ERROR 2026-08-24 21:15:11,934 log 9716 4596 "POST /api/menu-categories/ HTTP/1.1" 500 88629
ERROR 2026-08-24 21:15:12,521 log 9716 7420 Internal Server Error: /api/menu-items/
Traceback (most recent call last):
  File "C:\Users\Erick Juma\Projects\Shipping_Projects\NOU-PRODUCT\E-Pearl\backend\venv\Lib\site-packages\django\core\handlers\exception.py", line 55, in inner
    response = get_response(request)
  File "C:\Users\Erick Juma\Projects\Shipping_Projects\NOU-PRODUCT\E-Pearl\backend\venv\Lib\site-packages\django\utils\deprecation.py", line 308, in __call__
    response = self.process_request(request)
  File "C:\Users\Erick Juma\Projects\Shipping_Projects\NOU-PRODUCT\E-Pearl\backend\epearl\security\middleware.py", line 28, in process_request
    blocked, rule, message = RuleEngine.evaluate(request)
                             ~~~~~~~~~~~~~~~~~~~^^^^^^^^^
  File "C:\Users\Erick Juma\Projects\Shipping_Projects\NOU-PRODUCT\E-Pearl\backend\epearl\security\services\rule_engine.py", line 32, in evaluate
    ip = cls.get_client_ip(request)
         ^^^^^^^^^^^^^^^^^
AttributeError: type object 'RuleEngine' has no attribute 'get_client_ip'
ERROR 2026-08-24 21:15:12,527 log 9716 7420 "POST /api/menu-items/ HTTP/1.1" 500 88570
ERROR 2026-08-24 21:15:12,932 log 9716 5440 Internal Server Error: /api/menu-items/public_menu/
Traceback (most recent call last):
  File "C:\Users\Erick Juma\Projects\Shipping_Projects\NOU-PRODUCT\E-Pearl\backend\venv\Lib\site-packages\django\core\handlers\exception.py", line 55, in inner
    response = get_response(request)
  File "C:\Users\Erick Juma\Projects\Shipping_Projects\NOU-PRODUCT\E-Pearl\backend\venv\Lib\site-packages\django\utils\deprecation.py", line 308, in __call__
    response = self.process_request(request)
  File "C:\Users\Erick Juma\Projects\Shipping_Projects\NOU-PRODUCT\E-Pearl\backend\epearl\security\middleware.py", line 28, in process_request
    blocked, rule, message = RuleEngine.evaluate(request)
                             ~~~~~~~~~~~~~~~~~~~^^^^^^^^^
  File "C:\Users\Erick Juma\Projects\Shipping_Projects\NOU-PRODUCT\E-Pearl\backend\epearl\security\services\rule_engine.py", line 32, in evaluate
    ip = cls.get_client_ip(request)
         ^^^^^^^^^^^^^^^^^
AttributeError: type object 'RuleEngine' has no attribute 'get_client_ip'
ERROR 2026-08-24 21:15:12,948 log 9716 5440 "GET /api/menu-items/public_menu/?venue=<venue_id> HTTP/1.1" 500 89013
INFO 2026-08-25 17:13:42,076 autoreload 7696 7364 Watching for file changes with StatReloader
INFO 2026-08-28 13:44:53,488 autoreload 7712 1284 Watching for file changes with StatReloader
INFO 2026-08-28 13:45:46,779 log 7712 5612 "GET /admin/ HTTP/1.1" 302 0
INFO 2026-08-28 13:46:24,371 log 7712 5612 "GET /admin/login/?next=/admin/ HTTP/1.1" 200 4081
INFO 2026-08-28 13:46:42,806 log 7712 7036 "GET /static/admin/css/login.css HTTP/1.1" 200 951
INFO 2026-08-28 13:46:43,306 log 7712 4268 "GET /static/admin/css/nav_sidebar.css HTTP/1.1" 200 2810
INFO 2026-08-28 13:46:43,769 log 7712 7952 "GET /static/admin/css/dark_mode.css HTTP/1.1" 200 3538
INFO 2026-08-28 13:46:44,804 log 7712 5344 "GET /static/admin/css/responsive.css HTTP/1.1" 200 16273
INFO 2026-08-28 13:46:48,465 log 7712 5612 "GET /static/admin/css/base.css HTTP/1.1" 200 23100
INFO 2026-08-28 13:47:16,346 log 7712 1264 "GET /static/admin/img/icon-no.svg HTTP/1.1" 200 645
INFO 2026-08-28 13:47:16,347 log 7712 5064 "GET /static/admin/img/icon-debug-dark.svg HTTP/1.1" 200 1247
INFO 2026-08-28 13:47:16,354 log 7712 5840 "GET /static/admin/img/icon-yes.svg HTTP/1.1" 200 558
INFO 2026-08-28 13:47:16,528 log 7712 5064 "GET /static/admin/img/icon-yes-dark.svg HTTP/1.1" 200 558
INFO 2026-08-28 13:47:16,547 log 7712 5108 "GET /static/admin/img/icon-debug.svg HTTP/1.1" 200 1247
INFO 2026-08-28 13:47:17,172 log 7712 1264 "GET /static/admin/img/icon-info-dark.svg HTTP/1.1" 200 630
INFO 2026-08-28 13:47:17,183 log 7712 7920 "GET /static/admin/img/icon-info.svg HTTP/1.1" 200 630
INFO 2026-08-28 13:47:17,294 log 7712 5840 "GET /static/admin/img/icon-alert-dark.svg HTTP/1.1" 200 684
INFO 2026-08-28 13:47:17,375 log 7712 5064 "GET /static/admin/img/icon-no-dark.svg HTTP/1.1" 200 645
INFO 2026-08-28 13:47:17,388 log 7712 3480 "GET /static/admin/img/icon-alert.svg HTTP/1.1" 200 684
INFO 2026-08-28 13:47:19,446 log 7712 5612 "GET /static/admin/js/nav_sidebar.js HTTP/1.1" 200 3063
INFO 2026-08-28 13:47:19,461 log 7712 7388 "GET /static/admin/js/theme.js HTTP/1.1" 200 1653
ERROR 2026-08-28 13:47:46,074 log 7712 7388 Internal Server Error: /favicon.ico
Traceback (most recent call last):
  File "C:\Users\Erick Juma\Projects\Shipping_Projects\NOU-PRODUCT\E-Pearl\backend\venv\Lib\site-packages\django\core\handlers\exception.py", line 55, in inner
    response = get_response(request)
  File "C:\Users\Erick Juma\Projects\Shipping_Projects\NOU-PRODUCT\E-Pearl\backend\venv\Lib\site-packages\django\utils\deprecation.py", line 308, in __call__
    response = self.process_request(request)
  File "C:\Users\Erick Juma\Projects\Shipping_Projects\NOU-PRODUCT\E-Pearl\backend\epearl\security\middleware.py", line 28, in process_request
    blocked, rule, message = RuleEngine.evaluate(request)
                             ~~~~~~~~~~~~~~~~~~~^^^^^^^^^
  File "C:\Users\Erick Juma\Projects\Shipping_Projects\NOU-PRODUCT\E-Pearl\backend\epearl\security\services\rule_engine.py", line 32, in evaluate
    ip = cls.get_client_ip(request)
         ^^^^^^^^^^^^^^^^^
AttributeError: type object 'RuleEngine' has no attribute 'get_client_ip'
ERROR 2026-08-28 13:47:46,083 log 7712 7388 "GET /favicon.ico HTTP/1.1" 500 90562
INFO 2026-08-28 13:48:06,816 log 7712 7388 "POST /admin/login/?next=/admin/ HTTP/1.1" 200 4263
ERROR 2026-08-28 13:48:08,754 log 7712 7388 Internal Server Error: /favicon.ico
Traceback (most recent call last):
  File "C:\Users\Erick Juma\Projects\Shipping_Projects\NOU-PRODUCT\E-Pearl\backend\venv\Lib\site-packages\django\core\handlers\exception.py", line 55, in inner
    response = get_response(request)
  File "C:\Users\Erick Juma\Projects\Shipping_Projects\NOU-PRODUCT\E-Pearl\backend\venv\Lib\site-packages\django\utils\deprecation.py", line 308, in __call__
    response = self.process_request(request)
  File "C:\Users\Erick Juma\Projects\Shipping_Projects\NOU-PRODUCT\E-Pearl\backend\epearl\security\middleware.py", line 28, in process_request
    blocked, rule, message = RuleEngine.evaluate(request)
                             ~~~~~~~~~~~~~~~~~~~^^^^^^^^^
  File "C:\Users\Erick Juma\Projects\Shipping_Projects\NOU-PRODUCT\E-Pearl\backend\epearl\security\services\rule_engine.py", line 32, in evaluate
    ip = cls.get_client_ip(request)
         ^^^^^^^^^^^^^^^^^
AttributeError: type object 'RuleEngine' has no attribute 'get_client_ip'
ERROR 2026-08-28 13:48:08,788 log 7712 7388 "GET /favicon.ico HTTP/1.1" 500 90562
INFO 2026-08-28 13:48:32,328 log 7712 7388 "POST /admin/login/?next=/admin/ HTTP/1.1" 200 4263
ERROR 2026-08-28 13:48:32,557 log 7712 7388 Internal Server Error: /favicon.ico
Traceback (most recent call last):
  File "C:\Users\Erick Juma\Projects\Shipping_Projects\NOU-PRODUCT\E-Pearl\backend\venv\Lib\site-packages\django\core\handlers\exception.py", line 55, in inner
    response = get_response(request)
  File "C:\Users\Erick Juma\Projects\Shipping_Projects\NOU-PRODUCT\E-Pearl\backend\venv\Lib\site-packages\django\utils\deprecation.py", line 308, in __call__
    response = self.process_request(request)
  File "C:\Users\Erick Juma\Projects\Shipping_Projects\NOU-PRODUCT\E-Pearl\backend\epearl\security\middleware.py", line 28, in process_request
    blocked, rule, message = RuleEngine.evaluate(request)
                             ~~~~~~~~~~~~~~~~~~~^^^^^^^^^
  File "C:\Users\Erick Juma\Projects\Shipping_Projects\NOU-PRODUCT\E-Pearl\backend\epearl\security\services\rule_engine.py", line 32, in evaluate
    ip = cls.get_client_ip(request)
         ^^^^^^^^^^^^^^^^^
AttributeError: type object 'RuleEngine' has no attribute 'get_client_ip'
ERROR 2026-08-28 13:48:32,572 log 7712 7388 "GET /favicon.ico HTTP/1.1" 500 90562
INFO 2026-08-28 13:48:41,210 log 7712 7388 "GET /admin/login/?next=/admin/ HTTP/1.1" 200 4081
ERROR 2026-08-28 13:48:42,496 log 7712 7388 Internal Server Error: /favicon.ico
Traceback (most recent call last):
  File "C:\Users\Erick Juma\Projects\Shipping_Projects\NOU-PRODUCT\E-Pearl\backend\venv\Lib\site-packages\django\core\handlers\exception.py", line 55, in inner
    response = get_response(request)
  File "C:\Users\Erick Juma\Projects\Shipping_Projects\NOU-PRODUCT\E-Pearl\backend\venv\Lib\site-packages\django\utils\deprecation.py", line 308, in __call__
    response = self.process_request(request)
  File "C:\Users\Erick Juma\Projects\Shipping_Projects\NOU-PRODUCT\E-Pearl\backend\epearl\security\middleware.py", line 28, in process_request
    blocked, rule, message = RuleEngine.evaluate(request)
                             ~~~~~~~~~~~~~~~~~~~^^^^^^^^^
  File "C:\Users\Erick Juma\Projects\Shipping_Projects\NOU-PRODUCT\E-Pearl\backend\epearl\security\services\rule_engine.py", line 32, in evaluate
    ip = cls.get_client_ip(request)
         ^^^^^^^^^^^^^^^^^
AttributeError: type object 'RuleEngine' has no attribute 'get_client_ip'
ERROR 2026-08-28 13:48:42,506 log 7712 7388 "GET /favicon.ico HTTP/1.1" 500 90562
INFO 2026-08-28 13:51:10,726 autoreload 7488 5904 Watching for file changes with StatReloader
INFO 2026-08-28 13:52:16,486 autoreload 7392 4088 Watching for file changes with StatReloader
INFO 2026-08-28 13:52:35,950 log 7392 2524 "GET /admin/login/?next=/admin/ HTTP/1.1" 200 4081
WARNING 2026-08-28 13:52:51,438 log 7392 2524 Not Found: /favicon.ico
WARNING 2026-08-28 13:52:51,447 log 7392 2524 "GET /favicon.ico HTTP/1.1" 404 7012
INFO 2026-08-28 13:52:53,101 log 7392 7536 "POST /admin/login/?next=/admin/ HTTP/1.1" 200 4263
INFO 2026-08-28 13:53:10,113 log 7392 7536 "POST /admin/login/?next=/admin/ HTTP/1.1" 200 4263
INFO 2026-08-28 13:53:37,220 log 7392 7536 "POST /admin/login/?next=/admin/ HTTP/1.1" 200 4263
INFO 2026-08-28 13:53:43,371 log 7392 7536 "GET /admin/login/?next=/admin/ HTTP/1.1" 200 4081
INFO 2026-08-28 13:56:36,893 autoreload 7064 7052 Watching for file changes with StatReloader
INFO 2026-08-28 13:56:46,985 log 7064 376 "GET /admin/login/?next=/admin/ HTTP/1.1" 200 4081
INFO 2026-08-28 13:56:53,955 log 7064 376 "GET /admin/login/?next=/admin/ HTTP/1.1" 200 4081
INFO 2026-08-28 13:56:54,522 log 7064 376 "GET /static/admin/css/responsive.css HTTP/1.1" 200 16273
INFO 2026-08-28 13:56:54,586 log 7064 6028 "GET /static/admin/css/dark_mode.css HTTP/1.1" 200 3538
INFO 2026-08-28 13:56:54,752 log 7064 5228 "GET /static/admin/css/base.css HTTP/1.1" 200 23100
INFO 2026-08-28 13:56:54,757 log 7064 1272 "GET /static/admin/css/login.css HTTP/1.1" 200 951
INFO 2026-08-28 13:56:54,820 log 7064 184 "GET /static/admin/css/nav_sidebar.css HTTP/1.1" 200 2810
INFO 2026-08-28 13:56:54,826 log 7064 6452 "GET /static/admin/js/theme.js HTTP/1.1" 200 1653
INFO 2026-08-28 13:56:54,920 log 7064 6452 "GET /static/admin/js/nav_sidebar.js HTTP/1.1" 200 3063
WARNING 2026-08-28 13:56:55,476 log 7064 6452 Not Found: /favicon.ico
WARNING 2026-08-28 13:56:55,477 log 7064 6452 "GET /favicon.ico HTTP/1.1" 404 7012
INFO 2026-08-28 13:57:23,681 log 7064 6452 "POST /admin/login/?next=/admin/ HTTP/1.1" 302 0
INFO 2026-08-28 13:57:25,731 log 7064 6452 "GET /admin/ HTTP/1.1" 200 49771
INFO 2026-08-28 13:57:26,927 log 7064 6452 "GET /static/admin/css/dashboard.css HTTP/1.1" 200 441
INFO 2026-08-28 13:57:28,045 log 7064 1272 "GET /static/admin/img/icon-changelink.svg HTTP/1.1" 200 978
INFO 2026-08-28 13:57:28,055 log 7064 184 "GET /static/admin/img/icon-addlink.svg HTTP/1.1" 200 593
WARNING 2026-08-28 13:57:41,295 log 7064 184 Not Found: /
WARNING 2026-08-28 13:57:41,296 log 7064 184 "GET / HTTP/1.1" 404 6961
INFO 2026-08-28 13:57:48,183 log 7064 184 "GET /admin/ HTTP/1.1" 200 49771
INFO 2026-08-28 13:58:12,353 log 7064 184 "GET /admin/venues/venue/ HTTP/1.1" 200 43164
INFO 2026-08-28 13:58:14,407 log 7064 184 "GET /static/admin/css/changelists.css HTTP/1.1" 200 7498
INFO 2026-08-28 13:58:16,130 log 7064 5228 "GET /static/admin/js/jquery.init.js HTTP/1.1" 200 347
INFO 2026-08-28 13:58:18,449 log 7064 5228 "GET /static/admin/js/urlify.js HTTP/1.1" 200 7887
INFO 2026-08-28 13:58:19,005 log 7064 1272 "GET /admin/jsi18n/ HTTP/1.1" 200 3342
INFO 2026-08-28 13:58:20,993 log 7064 184 "GET /static/admin/js/actions.js HTTP/1.1" 200 8077
INFO 2026-08-28 13:58:21,171 log 7064 184 "GET /static/admin/img/search.svg HTTP/1.1" 200 607
INFO 2026-08-28 13:58:21,255 log 7064 6028 "GET /static/admin/js/core.js HTTP/1.1" 200 6208
INFO 2026-08-28 13:58:21,531 log 7064 5228 "GET /static/admin/js/prepopulate.js HTTP/1.1" 200 1531
INFO 2026-08-28 13:58:22,182 log 7064 376 "GET /static/admin/js/admin/RelatedObjectLookups.js HTTP/1.1" 200 9777
INFO 2026-08-28 13:58:23,185 log 7064 1272 "GET /static/admin/js/vendor/xregexp/xregexp.js HTTP/1.1" 200 325171
INFO 2026-08-28 13:58:23,354 log 7064 6452 "GET /static/admin/js/vendor/jquery/jquery.js HTTP/1.1" 200 285314
INFO 2026-08-28 13:58:23,901 log 7064 1272 "GET /static/admin/js/filters.js HTTP/1.1" 200 978
INFO 2026-08-28 13:58:24,331 log 7064 6204 "GET /static/admin/img/tooltag-add.svg HTTP/1.1" 200 593
INFO 2026-08-28 13:58:24,568 log 7064 6204 "GET /static/admin/img/icon-viewlink.svg HTTP/1.1" 200 928
INFO 2026-08-28 13:58:49,875 log 7064 1272 "GET /admin/events/event/ HTTP/1.1" 200 41600
INFO 2026-08-28 13:58:50,066 log 7064 1272 "GET /admin/jsi18n/ HTTP/1.1" 200 3342
INFO 2026-08-28 13:58:55,181 log 7064 1272 "GET /admin/auth/group/ HTTP/1.1" 200 41158
INFO 2026-08-28 13:58:55,387 log 7064 1272 "GET /admin/jsi18n/ HTTP/1.1" 200 3342
INFO 2026-08-28 13:58:59,785 log 7064 1272 "GET /admin/control/hqnotification/ HTTP/1.1" 200 43047
INFO 2026-08-28 13:59:00,002 log 7064 1272 "GET /admin/jsi18n/ HTTP/1.1" 200 3342
INFO 2026-08-28 13:59:07,609 log 7064 1272 "GET /admin/control/hqnotification/? HTTP/1.1" 200 43047
INFO 2026-08-28 13:59:07,824 log 7064 1272 "GET /admin/jsi18n/ HTTP/1.1" 200 3342
INFO 2026-08-28 13:59:13,517 log 7064 1272 "GET /admin/control/menucategory/ HTTP/1.1" 200 41903
INFO 2026-08-28 13:59:13,711 log 7064 1272 "GET /admin/jsi18n/ HTTP/1.1" 200 3342
INFO 2026-08-28 13:59:18,161 log 7064 1272 "GET /admin/control/menuitem/ HTTP/1.1" 200 42484
INFO 2026-08-28 13:59:18,373 log 7064 1272 "GET /admin/jsi18n/ HTTP/1.1" 200 3342
INFO 2026-08-28 13:59:20,490 log 7064 1272 "GET /admin/control/modifier/ HTTP/1.1" 200 42162
INFO 2026-08-28 13:59:20,712 log 7064 1272 "GET /admin/jsi18n/ HTTP/1.1" 200 3342
INFO 2026-08-28 13:59:23,590 log 7064 1272 "GET /admin/control/platformauditlog/ HTTP/1.1" 200 43224
INFO 2026-08-28 13:59:23,816 log 7064 1272 "GET /admin/jsi18n/ HTTP/1.1" 200 3342
INFO 2026-08-28 13:59:25,900 log 7064 1272 "GET /admin/control/supportticket/ HTTP/1.1" 200 42738
INFO 2026-08-28 13:59:26,113 log 7064 1272 "GET /admin/jsi18n/ HTTP/1.1" 200 3342
INFO 2026-08-28 13:59:28,154 log 7064 1272 "GET /admin/control/venueauditlog/ HTTP/1.1" 200 42848
INFO 2026-08-28 13:59:28,333 log 7064 1272 "GET /admin/jsi18n/ HTTP/1.1" 200 3342
INFO 2026-08-28 13:59:30,964 log 7064 1272 "GET /admin/control/venuehealthmetrics/ HTTP/1.1" 200 40816
INFO 2026-08-28 13:59:31,148 log 7064 1272 "GET /admin/jsi18n/ HTTP/1.1" 200 3342
INFO 2026-08-28 13:59:33,192 log 7064 1272 "GET /admin/events/event/ HTTP/1.1" 200 41600
INFO 2026-08-28 13:59:33,412 log 7064 1272 "GET /admin/jsi18n/ HTTP/1.1" 200 3342
INFO 2026-08-28 13:59:35,579 log 7064 1272 "GET /admin/events/tickettier/ HTTP/1.1" 200 40742
INFO 2026-08-28 13:59:35,763 log 7064 1272 "GET /admin/jsi18n/ HTTP/1.1" 200 3342
INFO 2026-08-28 13:59:39,069 log 7064 1272 "GET /admin/events/ticket/ HTTP/1.1" 200 41616
INFO 2026-08-28 13:59:39,289 log 7064 1272 "GET /admin/jsi18n/ HTTP/1.1" 200 3342
INFO 2026-08-28 13:59:44,996 log 7064 1272 "GET /admin/events/ticket/?status__exact=purchased HTTP/1.1" 200 41773
INFO 2026-08-28 13:59:45,385 log 7064 1272 "GET /admin/jsi18n/ HTTP/1.1" 200 3342
INFO 2026-08-28 13:59:52,540 log 7064 1272 "GET /admin/explore/booking/ HTTP/1.1" 200 43048
INFO 2026-08-28 13:59:52,746 log 7064 1272 "GET /admin/jsi18n/ HTTP/1.1" 200 3342
INFO 2026-08-28 14:00:00,373 log 7064 1272 "GET /admin/events/ticket/ HTTP/1.1" 200 41616
INFO 2026-08-28 14:00:01,193 log 7064 1272 "GET /admin/jsi18n/ HTTP/1.1" 200 3342
INFO 2026-08-28 14:00:13,203 log 7064 1272 "GET /admin/explore/rating/ HTTP/1.1" 200 42589
INFO 2026-08-28 14:00:13,573 log 7064 1272 "GET /admin/jsi18n/ HTTP/1.1" 200 3342
INFO 2026-08-28 14:00:20,327 log 7064 1272 "GET /admin/explore/roomavailability/ HTTP/1.1" 200 41726
INFO 2026-08-28 14:00:20,695 log 7064 1272 "GET /admin/jsi18n/ HTTP/1.1" 200 3342
INFO 2026-08-28 14:00:28,618 log 7064 1272 "GET /admin/explore/roomtype/ HTTP/1.1" 200 41876
INFO 2026-08-28 14:00:28,871 log 7064 1272 "GET /admin/jsi18n/ HTTP/1.1" 200 3342
INFO 2026-08-28 16:18:54,482 autoreload 8304 1584 Watching for file changes with StatReloader
INFO 2026-08-28 16:38:32,880 log 8304 8932 "GET /api/public/explore/venues/?search=&openNow=false&orderBy=-created_at&limit=20 HTTP/1.1" 200 2
INFO 2026-08-28 16:38:32,851 log 8304 8004 "GET /api/public/explore/venues/?search=&openNow=false&orderBy=-created_at&limit=20 HTTP/1.1" 200 2
INFO 2026-08-28 17:06:09,190 log 8304 7868 "GET /api/public/explore/venues/?search=&openNow=false&orderBy=-created_at&limit=20 HTTP/1.1" 200 2
INFO 2026-08-28 17:06:09,175 log 8304 9132 "GET /api/public/explore/venues/?search=&openNow=false&orderBy=-created_at&limit=20 HTTP/1.1" 200 2
WARNING 2026-08-28 17:08:17,862 log 8304 7508 Unauthorized: /api/bookings/
WARNING 2026-08-28 17:08:17,863 log 8304 7508 "GET /api/bookings/ HTTP/1.1" 401 165
WARNING 2026-08-28 17:08:18,518 log 8304 468 Unauthorized: /api/bookings/
WARNING 2026-08-28 17:08:18,519 log 8304 468 "GET /api/bookings/ HTTP/1.1" 401 165
INFO 2026-08-28 17:11:46,041 log 8304 4928 "GET /api/public/explore/venues/?search=&openNow=false&orderBy=-created_at&limit=20 HTTP/1.1" 200 2
INFO 2026-08-28 17:11:46,218 log 8304 1776 "GET /api/public/explore/venues/?search=&openNow=false&orderBy=-created_at&limit=20 HTTP/1.1" 200 2
WARNING 2026-08-28 17:11:55,660 log 8304 3720 Unauthorized: /api/bookings/
WARNING 2026-08-28 17:11:55,662 log 8304 3720 "GET /api/bookings/ HTTP/1.1" 401 165
WARNING 2026-08-28 17:11:56,301 log 8304 5384 Unauthorized: /api/bookings/
WARNING 2026-08-28 17:11:56,310 log 8304 5384 "GET /api/bookings/ HTTP/1.1" 401 165
WARNING 2026-08-28 17:13:10,266 log 8304 8332 Unauthorized: /api/bookings/
WARNING 2026-08-28 17:13:10,275 log 8304 8332 "GET /api/bookings/ HTTP/1.1" 401 165
WARNING 2026-08-28 17:13:10,997 log 8304 4356 Unauthorized: /api/bookings/
WARNING 2026-08-28 17:13:11,065 log 8304 4356 "GET /api/bookings/ HTTP/1.1" 401 165
WARNING 2026-08-28 17:13:24,759 log 8304 5800 Unauthorized: /api/bookings/
WARNING 2026-08-28 17:13:24,762 log 8304 5800 "GET /api/bookings/ HTTP/1.1" 401 165
WARNING 2026-08-28 17:13:27,660 log 8304 5124 Unauthorized: /api/bookings/
